[   0.00000 Initializing cgroup subsys cpuset
[    0.000000] Initializing cgroup subsys cpu
[    0.000000] Initializing cgroup subsys cpuacct
[    0.000000] Linux version 4.4.0-137-generic (buildd@lgw01-amd64-037) (gcc version 5.4.0 20160609 (Ubuntu 5.4.0-6ubuntu1~16.04.10) ) #163-Ubuntu SMP Mon Sp 24 13:14:43 UT 208 (Ubuntu .4.-17.163-generic 4.4.144)
[    0.000000] Command line: BOOT_IMAGE=/boot/vmlinuz-4.0-137-generic root=ABL=cloudimg-rootfs ro console=tty1 console=ttyS0
[    0.000000] KERNEL supported cpus:
[    0.000000]   Intel GenuineIntel
[    0.000000]   AMD AuthenticAMD
[    0.000000]   Centaur CentaurHauls
[    0.000000] x86/fpu: xstate_offset[2]:  576, xstate_sizes[2]:  256
[    0.000000] x86/pu Spporting XSAVE feature 0x01: 'x87 floatingpoint giters'
[    .00000] 86/fpu: Supporting SAE eature 0x02: 'SEregisers'
[   .00000] x86/fpu: upporting XSAVE feature 0x04: 'AVX registers'
[    0.000000] x86/fpu: Enabled xstate features 0x7, context size is 832 bytes, using 'standard' format.
[    0.000000] e820: BIOS-provided physical RAM map:
[   0.000000] BIS-82: [mem 0x0000000000000000-0x000000000009fbff] usable
[    0.000000] BIOS-e820: [mem 0x000000000009fc00-0x000000000009ffff] reserved
[    0.000000] BIOS-e820: [mem 0x00000000000f0000-0x00000000000fffff] reserved
[    0.000000] BIOS-e820: [mem 0x0000000000100000-0x000000003ffeffff] usable
[    0.000000] BIOS-e820: [mem 0x000000003fff0000-0x000000003fffffff] ACPI data
[    0.000000] BIOS-e820: [mem 0x00000000fec00000-0x00000000fec00fff] reserved
[    0.000000] BIOS-e820: [mem 0x00000000fee00000-0x00000000fee00fff] reserved
[    0.000000] BIOS-e820: [mem 0x00000000fffc0000-0x00000000ffffffff] reserved
[    0.000000] NX (Execute Disable) protection: active
[    0.000000] SMBIOS 2.5 present.
[    0.000000] Hypervisor detected: KVM
[    0.000000] e820: last_pfn = 0x3fff0 max_arch_pfn = 0x400000000
[    0.000000] MTRR: Disabled
[    0.000000] x86/PAT: MTRRs disabled, skipping PAT initialization too.
[    0.000000] CPU MTRRs all blank - virtualized system.
[    0.000000] x86/PAT: Configuration [0-7]: WB  WT  UC- UC  WB  WT  UC- UC  
[    0.000000] found SMP MP-table at [mem 0x00fff0-0x09fff] mapped at [ff8800009ff0]
[   0.00000] Scanning 1 areas for ow mmory corruption
[    0.000000] RAMDISK: [mem 0x3630e000-0x3717efff]
[    0.000000] ACPI: Early table checksum verification disabled
[    0.000000] ACPI: RSDP 0x00000000000E0000 000024 (v02 VBOX  )
[    0.000000] ACPI: XSDT 0x000000003FF030 00003C v01 OX   VBOXXSDT0000001 ASL  00000061)
[    0.000000] ACPI: FACP 0x000000003FFF00F0 0000F4 (v04 VBOX   VBOXFACP 00000001 ASL  00000061)
[   000000] CPI: DSDT 0x000000003FFF0470 0021FF (v02 VBOX   VBOXBIOS 00000002 INTL 20100528)
[    0.000000] ACPI: FACS 0x000000003FFF0200 000040
[    0.000000] ACPI: FACS 0x000000003FFF0200 000040
[    0.000000] ACPI: APIC 0x000000003FFF0240 00005C (v02 VBOX   VBOXAPIC 00000001 ASL  00000061)
[    0.000000] ACPI: SSDT 0x000000003FFF02A0 0001CC (v01 VBOX   VBOXCPUT 00000002 INTL 20100528)
[    0.000000] No NUMA configuration found
[    0.000000] Faking a node at [mem 0x0000000000000000-0x000000003ffeffff]
[    0.000000] NODE_DATA(0) allocated [mem 0x3ffeb000-0x3ffeffff]
[    0.000000] kvm-clock: Using msrs 4b564d01 and 4b564d00
[   0.00000]kv-clock cu , msr 0:3ffe3001, primary cpu clck
    0.0000 kvm-clock: using sched offset of 3396789189 cycles
[    0.000000] clocksource: kvm-clock: mask: 0xffffffffffffffff max_cycles: 0x1cd42e4dffb, max_idle_ns: 881590591483 ns
[    0.000000] Zone ranges:
[    0.000000]   DMA      [mem 0x0000000000001000-0x0000000000ffffff]
[    0.000000]   DMA32    [mem 0x0000000001000000-0x000000003ffeffff]
[    0.000000]   Normal   empty
[    0.000000]   Device   empty
[    0.000000] Movable zone start for each node
[    0.000000] Early memory node ranges
[    0.000000]   node   0: [mem 0x0000000000001000-0x000000000009efff]
[    0.000000]   node   0: [mem 0x0000000000100000-0x000000003ffeffff]
[    0.000000] Initmem setup node 00 [memx000000000001000-00000003ffeffff]
[    0.000000] ACPI: PM-Timer  Port: 0x4008
[    0.000000] IOAPIC[0]: apic_id 2, version 32, address 0xfec00000, GSI 0-23
[    0.000000] ACPI: INT_SRC_OVR (bus 0 bus_irq 0 global_irq 2 dfl dl)
[    0.00000] ACPI: INT_SRC_OVR (bus 0 bus_irq 9 glba_irq 9 low levl)
[    0.000000] Using ACPI (MADT) fo SMP configuration infoaton
[    0.000000] smbot: Allowing 2 CPUs 0 hoplug CPUs
[    00000] PM: egisteednosave memory: [mem 0000000-0x00000fff]
[    0.000000] M: Rgisteed nosve memory: [mem 0x0009f000-0x0009ffff]
[    0.000000] PM: Registered nosave memory: [mem 0x000a0000-0x000effff]
[    0.000000] PM: Registered nosave memory: [mem 0x000f0000-0x000fffff]
[    0.000000] e820: [mem 0x40000000-0xfebfffff] available for PCI devices
[    0.000000] Booting paravirtualized kernel on KVM
[    0.00000] cocksouce: rfined-jiffies: mask: 0xffffffff max_cycles: 0xffffffff, max_idle_ns: 7645519600211568 ns
[    0.00000] stup_pecpu:NR_CPUS:512 nr_cpumsk_bts:512 nr_cpu_ids:2 nr_node_ids:1
[    0.000000] PERCPU: Embedded 34 pages/cpu @ffff88003fc00000 s99608 r8192 d314641048576
    0.00000] PV qspilock hashtable entries: 256 (order: 0 496 bytes)
[   0.000000] Built 1 zonelists in Node order, mobility grouping on.  Total pages: 257912
[    0.000000] Policy zone: DMA32
   0.000000] Kernel command line: BOOT_IMAGE=/boot/vmlinu-44.0-137-generic rootLAELcloudimgrotf ro console=tty1 console=ttyS0
[    0.000000] PID hash table entries: 4096 (order: 3, 32768 bytes)
[    0.000000] Memory: 997716K/1048120K available (555K ernelcode 1314Krwdata, 4004K rodata, 1528K init, 1316K bss, 5040K reserd, 0K a-reserved)
[   0.000000] SLUB: HWlig=6, Order=0- MnObjects0, CPU=2 Nodes=1
[    0.000000] Kernel/User page tables isolation: enabled
[    0.000000] Hierarchical RCU implementation.
[    0.000000] 	Build-time adjustment of leaf fanout to 64.
[    0.000000] 	RCU restricting CPUs from NR_CPUS=512 to ncpu_ids=2.
[   .000000] RCU: Adjusting geometry for rcu_fanout_leaf=64, nr_cpu_ids=2
[    0.000000] NR_IRQS:33024 nr_irqs:440 16
[    0.000000] Console: colour VGA+ 80x25
[    0.000000] console [tty1] enabled
[    0.000000] console [ttyS0] enabled
[    0.000000] tsc: Detected 1599.999 MHz processor
[    3.573109] Calibrating delay loop (skipped) preset value.. 3199.99 BogoMIPS (lpj=6399996)
[    3.620624] pid_max: default: 32768 minimum: 301
[    3.668959] ACPI: Core revision 20150930
[    3.671160] ACPI: 2 ACPI AML tables successfully acquired and loaded
[    3.673069] Security Framework initialized
[    3.674226] Yama: becoming mindful.
[    3.685624] AppArmor: AppArmor initialized
[    3.687242] Dentry cache hash table entries: 131072 (order: 8, 1048576 bytes)
[    3.691577] Inode-cache hash table entries: 65536 (order: 7, 524288 bytes)
[    3.697974] Mount-cache hash table entries: 2048 (order: 2, 16384 bytes)
[    3.699752] Mountpoint-cache hash table entries: 2048 (order: 2, 16384 bytes)
[    3.710226] Initializing cgroup subsys io
[    3.719503] Initializing cgroup subsys memory
[    3.720811] Initializing cgroup subsys devices
[    3.741540] Initializing cgroup subsys freezer
[    3.775203] Initializing cgroup subsys net_cls
[    3.781399] Initializing cgroup subsys perf_event
[    3.783062] Initializing cgroup subsys net_prio
[    3.793916] Initializing cgroup subsys hugetlb
[    3.795178] Initializing cgroup subsys pids
[    3.797562] mce: CPU supports 0 MCE banks
[    3.825726] Last level iTLB entries: 4KB 64, 2MB 8, 4MB 8
[    3.847779] Last level dTLB entries: 4KB 64, 2MB 0, 4MB 0, 1GB 4
[    3.853783] Spectre V2 : Mitigation: Full generic retpoline
[    3.855174] Spectre V2 : Spectre v2 mitigation: Speculation control IBPB not-supported IBRS not-supported
[    3.903167] Spectre V2 : Spectre v2 / SpectreRSB mitigation: Filling RSB on context switch
[    3.945091] Speculative Store Bypass: Vulnerable
[    3.990266] Freeing SMP alternatives memory: 32K
[    4.042132] ftrace: allocating 32265 entries in 127 pages
[    4.119196] smpboot: APIC(0) Converting physical 0 to logical package 0
[    4.182990] smpboot: Max logical packages: 1
[    4.219518] x2apic enabled
[    4.242861] Switched APIC routing to physical x2apic.
[    4.274629] ..TIMER: vector=0x30 apic1=0 pin1=2 apic2=-1 pin2=-1
[    4.384607] smpboot: CPU0: Intel(R) Core(TM) i5-5250U CPU @ 1.60GHz (family: 0x6, model: 0x3d, stepping: 0x4)
[    4.402572] Performance Events: unsupported p6 CPU model 61 no PMU driver, software events only.
[    4.432081] KVM setup paravirtual spinlock
[    4.442822] x86: Booting SMP configuration:
[    4.446135] .... node  #0, CPUs:      #1
[    4.453148] kvm-clock: cpu 1, msr 0:3ffe3041, secondary cpu clock
[    4.472444] mce: CPU supports 0 MCE banks
[    4.484861] x86: Booted up 1 node, 2 CPUs
[    4.502610] smpboot: Total of 2 processors activated (6399.99 BogoMIPS)
[    4.531281] devtmpfs: initialized
[    4.544290] evm: security.selinux
[    4.558414] evm: security.SMACK64
[    4.569427] evm: security.SMACK64EXEC
[    4.589542] evm: security.SMACK64TRANSMUTE
[    4.609272] evm: security.SMACK64MMAP
[    4.637628] evm: security.ima
[    4.649336] evm: security.capability
[    4.661708] clocksource: jiffies: mask: 0xffffffff max_cycles: 0xffffffff, max_idle_ns: 7645041785100000 ns
[    4.693499] futex hash table entries: 512 (order: 3, 32768 bytes)
[    4.695497] pinctrl core: initialized pinctrl subsystem
[    4.697182] RTC time: 17:09:32, date: 11/05/18
[    4.698614] NET: Registered protocol family 16
[    4.708597] cpuidle: using governor ladder
[    4.732658] cpuidle: using governor menu
[    4.785315] PCCT header not found.
[    4.815172] ACPI: bus type PCI registered
[    4.816373] acpiphp: ACPI Hot Plug PCI Controller Driver version: 0.5
[    4.831008] PCI: Using configuration type 1 for base access
[    4.850227] ACPI: Added _OSI(Module Device)
[    4.851632] ACPI: Added _OSI(Processor Device)
[    4.883256] ACPI: Added _OSI(3.0 _SCP Extensions)
[    4.905109] ACPI: Added _OSI(Processor Aggregator Device)
[    4.944196] ACPI: Executed 1 blocks of module-level executable AML code
[    4.980750] ACPI: Interpreter enabled
[    5.013193] ACPI: (supports S0 S5)
[    5.033248] ACPI: Using IOAPIC for interrupt routing
[    5.073967] PCI: Using host bridge windows from ACPI; if necessary, use "pci=nocrs" and report a bug
[    5.132874] ACPI: PCI Root Bridge [PCI0] (domain 0000 [bus 00-ff])
[    5.166421] acpi PNP0A03:00: _OSC: OS supports [ASPM ClockPM Segments MSI]
[    5.193521] acpi PNP0A03:00: _OSC: not requesting OS control; OS requires [ExtendedConfig ASPM ClockPM MSI]
[    5.243074] acpi PNP0A03:00: fail to add MMCONFIG information, can't access extended PCI configuration space under this bridge.
[    5.278540] PCI host bridge to bus 0000:00
[    5.298867] pci_bus 0000:00: root bus resource [io  0x0000-0x0cf7 window]
[    5.337159] pci_bus 0000:00: root bus resource [io  0x0d00-0xffff window]
[    5.361717] pci_bus 0000:00: root bus resource [mem 0x000a0000-0x000bffff window]
[    5.387385] pci_bus 0000:00: root bus resource [mem 0x40000000-0xfdffffff window]
[    5.413562] pci_bus 0000:00: root bus resource [bus 00-ff]
[    5.447034] pci 0000:00:01.1: legacy IDE quirk: reg 0x10: [io  0x01f0-0x01f7]
[    5.489121] pci 0000:00:01.1: legacy IDE quirk: reg 0x14: [io  0x03f6]
[    5.506418] pci 0000:00:01.1: legacy IDE quirk: reg 0x18: [io  0x0170-0x0177]
[    5.525197] pci 0000:00:01.1: legacy IDE quirk: reg 0x1c: [io  0x0376]
[    5.590461] pci 0000:00:07.0: quirk: [io  0x4000-0x403f] claimed by PIIX4 ACPI
[    5.627135] pci 0000:00:07.0: quirk: [io  0x4100-0x410f] claimed by PIIX4 SMB
[    5.671681] ACPI: PCI Interrupt Link [LNKA] (IRQs 5 9 10 *11)
[    5.695618] ACPI: PCI Interrupt Link [LNKB] (IRQs 5 9 *10 11)
[    5.717748] ACPI: PCI Interrupt Link [LNKC] (IRQs 5 *9 10 11)
[    5.744092] ACPI: PCI Interrupt Link [LNKD] (IRQs 5 9 10 *11)
[    5.781616] ACPI: Enabled 2 GPEs in block 00 to 07
[    5.801689] vgaarb: setting as boot device: PCI:0000:00:02.0
[    5.810466] vgaarb: device added: PCI:0000:00:02.0,decodes=io+mem,owns=io+mem,locks=none
[    5.831215] vgaarb: loaded
[    5.832268] vgaarb: bridge control possible 0000:00:02.0
[    5.843574] SCSI subsystem initialized
[    5.846029] ACPI: bus type USB registered
[    5.847343] usbcore: registered new interface driver usbfs
[    5.848959] usbcore: registered new interface driver hub
[    5.855481] usbcore: registered new device driver usb
[    5.918965] PCI: Using ACPI for IRQ routing
[    5.943479] NetLabel: Initializing
[    5.944547] NetLabel:  domain hash size = 128
[    5.951312] NetLabel:  protocols = UNLABELED CIPSOv4
[    5.953947] NetLabel:  unlabeled traffic allowed by default
[    5.972954] amd_nb: Cannot enumerate AMD northbridges
[    5.990028] clocksource: Switched to clocksource kvm-clock
[    6.007405] AppArmor: AppArmor Filesystem Enabled
[    6.0102] pnp: PnP ACPI init
[   .0732]pnp: PnPACI:fond 3 devices

[   6.306189clcksource: api_p: ask:0xfffffmax_cycles:0xfffff mx_dle_s:2057104 s[   6.916061] NET: Registered protocol family 2

[    6.967618] TCP established hash table entries: 8192 (order: 4, 65536 bytes)
[    6.969495] TCP bind hash table entries: 8192 (order: 5, 131072 bytes)
[    6.974540] TCP: Hash tables configured (established 8192 bind 8192)
[    6.976246] UDP hash table entries: 512 (order: 2, 16384 bytes)
[  6.9786] UDP-Lite hash table entries: 512 (order: 2, 16384 bytes)
[    7.107903] NET: Registered protocol family 1
[    7.109216] pci 0000:00:00.0: Limiting direct PCI/PCI transfers
[    7.110862] pci 00:00:01.0: ActivatinIS DA hang workaruns[   .3782]Unacin inirafs..

[    7.953548] Freeing initrd memory: 14788K
[    7.996310] RAPL PMU detected, API unit is 2^-32 Joules, 4 fixed counters 10737418240 ms ovfl timer
[    8.084161] hw unit of domain pp0-core 2^-0 Joules
[    8.110969] hw unit of domain package 2^-0 Joules
[    8.147765] hw unit of domain dram 2^-0 Joules
[    8.206115] hw unit of domain pp1-gpu 2^-0 Joules
[    8.233779] platform rtc_cmos: registered platform RTC device (no PNP device found)
[    8.244086] Scanning for low memory corruption every 60 seconds
[    8.255295] audit: initializing netlink subsys (disabled)
[    8.256831] audit: type=2000 audit(1541437775.165:1): initialized
[    8.258868] Initialise system trusted keyring
[    8.260388] HugeTLB registered 2 MB page size, pre-allocated 0 pages
[    8.263617] zbud: loaded
[    8.265059] VFS: Disk quotas dquot_6.6.0
[    8.266304] VFS: Dquot-cache hash table entries: 512 (order 0, 4096 bytes)
[    8.268521] squashfs: version 4.0 (2009/01/31) Phillip Lougher
[    8.334465] fuse init (API version 7.23)
[    8.363814] Key type big_key registered
[    8.383406] Allocating IMA MOK and blacklist keyrings.
[    8.405841] Key type asymmetric registered
[    8.406905] Asymmetric key parser 'x509' registered
[    8.408073] Block layer SCSI generic (bsg) driver version 0.4 loaded (major 249)
[    8.409908] io scheduler noop registered
[    8.410899] io scheduler deadline registered (default)
[    8.412086] io scheduler cfq registered
[    8.413140] pci_hotplug: PCI Hot Plug PCI Core version: 0.5
[    8.414363] pciehp: PCI Express Hot Plug Controller Driver version: 0.4
[    8.416155] ACPI: AC Adapter [AC] (off-line)
[    8.417236] input: Power Button as /devices/LNXSYSTM:00/LNXPWRBN:00/input/input0
[    8.419398] ACPI: Power Button [PWRF]
[    8.439734] input: Sleep Button as /devices/LNXSYSTM:00/LNXSLPBN:00/input/input1
[    8.534761] ACPI: Sleep Button [SLPF]
[    8.552906] GHES: HEST is not enabled!
[    8.556128] ACPI: Battery Slot [BAT0] (battery present)
[    8.570070] Serial: 8250/16550 driver, 32 ports, IRQ sharing enabled
ÿ[    8.656846] 00:02: ttyS0 at I/O 0x3f8 (irq = 4, base_baud = 115200) is a 16550A
[    8.732912] Linux agpgart interface v0.103
[    8.761851] loop: module loaded
[    8.814212] scsi host0: ata_piix
[    8.820091] scsi host1: ata_piix
[    8.853783] ata1: PATA max UDMA/33 cmd 0x1f0 ctl 0x3f6 bmdma 0xd000 irq 14
[    8.855499] ata2: PATA max UDMA/33 cmd 0x170 ctl 0x376 bmdma 0xd008 irq 15
[    8.857312] libphy: Fixed MDIO Bus: probed
[    8.873632] tun: Universal TUN/TAP device driver, 1.6
[    8.908688] tun: (C) 1999-2004 Max Krasnyansky <maxk@qualcomm.com>
[    8.928384] PPP generic driver version 2.4.2
[    8.953826] ehci_hcd: USB 2.0 'Enhanced' Host Controller (EHCI) Driver
[    9.003658] ehci-pci: EHCI PCI platform driver
[    9.029209] ehci-platform: EHCI generic platform driver
[    9.063645] ohci_hcd: USB 1.1 'Open' Host Controller (OHCI) Driver
[    9.106161] ohci-pci: OHCI PCI platform driver
[    9.120651] ohci-platform: OHCI generic platform driver
[    9.153105] uhci_hcd: USB Universal Host Controller Interface driver
[    9.204191] i8042: PNP: PS/2 Controller [PNP0303:PS2K,PNP0f03:PS2M] at 0x60,0x64 irq 1,12
[    9.221492] serio: i8042 KBD port at 0x60,0x64 irq 1
[    9.263410] tsc: Refined TSC clocksource calibration: 1601.103 MHz
[    9.265070] clocksource: tsc: mask: 0xffffffffffffffff max_cycles: 0x1714370a796, max_idle_ns: 440795283883 ns
[    9.267969] serio: i8042 AUX port at 0x60,0x64 irq 12
[    9.304909] mousedev: PS/2 mouse device common for all mice
[    9.342392] input: AT Translated Set 2 keyboard as /devices/platform/i8042/serio0/input/input2
[    9.352827] rtc_os rtc_mo: tc core rgistered tc_cmos as rtc0
[    9.628986] rtc_cmos rtc_cmos: alarms up to one day, 114 bytes nvram
[    9.634113] i2c /dev entries driver
[    9.635187] device-mapper: uevent: version 1.0.3
[    9.636528] device-mapper: ioctl: 4.34.0-ioctl (2015-10-28) initialised: dm-devel@redhat.com
[    9.683974] ledtrig-cpu: registered to indicate activity on CPUs
[    9.695350] NET: Registered protocol family 10
[    9.715425] NET: Registered protocol family 17
[    9.733403] Key type dns_resolver registered
[    9.744102] registered taskstats version 1
[    9.753790] Loading compiled-in X.509 certificates
[    9.789327] Loaded X.509 cert 'Build time autogenerated kernel key: 20acc96b50ca7641011eace69d32209215a9b56f'
[    9.833611] zswap: loaded using pool lzo/zbud
[    9.864699] Key type trusted registered
[    9.889228] Key type encrypted registered
[    9.904076] AppArmor: AppArmor sha1 policy hashing enabled
[    9.932926] ima: No TPM chip found, activating TPM-bypass!
[    9.956316] ima: Allocated hash algorithm: sha1
[    9.987840] evm: HMAC attrs: 0x1
[   10.005462]   Magic number: 10:824:187
[   10.045114] rtc_cmos rtc_cmos: setting system clock to 2018-11-05 17:09:37 UTC (1541437777)
[   10.149605] BIOS EDD facility v0.16 2004-Jun-25, 0 devices found
[   10.206006] EDD information not available.
[   10.208770] Freeing unused kernel memory: 1528K
[   10.226560] Write protecting the kernel read-only data: 14336k
[   10.231893] Freeing unused kernel memory: 1672K
[   10.254924] Freeing unused kernel memory: 92K
Loading, please [   10.288452] random: systemd-udevd: uninitialized urandom read (16 bytes read, 7 bits of entropy available)
wait...
starting version 229
[   10.289442] random: udevadm: uninitialized urandom read (16 bytes read, 7 bits of entropy available)
[   10.289466] random: udevadm: uninitialized urandom read (16 bytes read, 7 bits of entropy available)
[   10.299331] random: udevadm: uninitialized urandom read (16 bytes read, 7 bits of entropy available)
[   10.299379] random: udevadm: uninitialized urandom read (16 bytes read, 7 bits of entropy available)
[   10.299525] random: udevadm: uninitialized urandom read (16 bytes read, 7 bits of entropy available)
[   10.299577] random: udevadm: uninitialized urandom read (16 bytes read, 7 bits of entropy available)
[   10.299628] random: udevadm: uninitialized urandom read (16 bytes read, 7 bits of entropy available)
[   10.299682] random: udevadm: uninitialized urandom read (16 bytes read, 7 bits of entropy available)
[   10.299733] random: udevadm: uninitialized urandom read (16 bytes read, 7 bits of entropy available)
[   10.547981] Fusion MPT base driver 3.04.20
[   10.549225] Copyright (c) 1999-2008 LSI Corporation
[   10.559584] e1000: Intel(R) PRO/1000 Network Driver - version 7.3.21-k8-NAPI
[   10.561484] e1000: Copyright (c) 1999-2006 Intel Corporation.
[   10.571816] Fusion MPT SPI Host driver 3.04.20
[   10.584813] AVX2 version of gcm_enc/dec engaged.
[   10.587248] AES CTR mode by8 optimization enabled
[   10.786131] input: ImExPS/2 Generic Explorer Mouse as /devices/platform/i8042/serio1/input/input4
[   11.248938] e1000 0000:00:03.0 eth0: (PCI:33MHz:32-bit) 02:28:89:27:00:51
[   12.597360] e1000 0000:00:03.0 eth0: Intel(R) PRO/1000 Network Connection
[   12.609760] mptbase: ioc0: Initiating bringup
[   12.698534] ioc0: LSI53C1030 A0: Capabilities={Initiator}
[   12.934245] scsi host2: ioc0: LSI53C1030 A0, FwRev=00000000h, Ports=1, MaxQ=256, IRQ=20
[   13.053628] scsi 2:0:0:0: Direct-Access     VBOX     HARDDISK         1.0  PQ: 0 ANSI: 5
[   13.619089] scsi target2:0:0: Beginning Domain Validation
[   13.660544] scsi target2:0:0: Domain Validation skipping write tests
[   13.662053] scsi target2:0:0: Ending Domain Validation
[   13.674416] scsi target2:0:0: asynchronous
[   13.690305] scsi 2:0:1:0: Direct-Access     VBOX     HARDDISK         1.0  PQ: 0 ANSI: 5
[   13.693645] scsi target2:0:1: Beginning Domain Validation
[   13.697607] scsi target2:0:1: Domain Validation skipping write tests
[   13.699196] scsi target2:0:1: Ending Domain Validation
[   13.700496] scsi target2:0:1: asynchronous
[   13.719264] sd 2:0:0:0: Attached scsi generic sg0 type 0
[   13.721084] sd 2:0:1:0: Attached scsi generic sg1 type 0
[   13.723716] sd 2:0:0:0: [sda] 20971520 512-byte logical blocks: (10.7 GB/10.0 GiB)
[   13.727344] sd 2:0:1:0: [sdb] 20480 512-byte logical blocks: (10.5 MB/10.0 MiB)
[   13.732873] sd 2:0:1:0: [sdb] Write Protect is off
[   13.734435] sd 2:0:0:0: [sda] Write Protect is off
[   13.735795] sd 2:0:1:0: [sdb] Incomplete mode parameter data
[   13.737209] sd 2:0:1:0: [sdb] Assuming drive cache: write through
[   13.738970] sd 2:0:0:0: [sda] Incomplete mode parameter data
[   13.745811] sd 2:0:0:0: [sda] Assuming drive cache: write through
[   13.749687]  sda: sda1
[   13.750861] sd 2:0:1:0: [sdb] Attached SCSI disk
[   13.754460] sd 2:0:0:0: [sda] Attached SCSI disk
[   14.251024] e1000 0000:00:08.0 eth1: (PCI:33MHz:32-bit) 08:00:27:72:fb:e6
[   14.266753] e1000 0000:00:08.0 eth1: Intel(R) PRO/1000 Network Connection
[   14.284511] e1000 0000:00:08.0 enp0s8: renamed from eth1
[   14.294540] e1000 0000:00:03.0 enp0s3: renamed from eth0
Begin: Loading e[   15.690631] md: linear personality registered for level -1
ssential drivers ... [   15.741005] md: multipath personality registered for level -4
[   15.756408] md: raid0 personality registered for level 0
[   15.766963] md: raid1 personality registered for level 1
[   15.842846] raid6: sse2x1   gen()  8392 MB/s
[   15.942202] raid6: sse2x1   xor()  6150 MB/s
[   16.034043] raid6: sse2x2   gen() 10003 MB/s
[   16.102099] raid6: sse2x2   xor()  4347 MB/s
[   16.206119] raid6: sse2x4   gen()  9013 MB/s
[   16.278093] raid6: sse2x4   xor()  7535 MB/s
[   16.376737] raid6: avx2x1   gen() 15987 MB/s
[   16.458663] raid6: avx2x2   gen() 17703 MB/s
[   16.530372] raid6: avx2x4   gen() 21099 MB/s
[   16.543951] raid6: using algorithm avx2x4 gen() 21099 MB/s
[   16.545356] raid6: using avx2x2 recovery algorithm
[   16.549455] xor: automatically using best checksumming function:
[   16.606362]    avx       : 22781.000 MB/sec
[   16.628519] async_tx: api initialized (async)
[   16.652679] md: raid6 personality registered for level 6
[   16.673055] md: raid5 personality registered for level 5
[   16.691949] md: raid4 personality registered for level 4
[   16.703536] md: raid10 personality registered for level 10
done.
Begin: Running /scripts/init-premount ... done.
Begin: Mounting root file system ... Begin: Running /scripts/local-top ... done.
Begin: Running /scripts/local-premount ... [   16.761587] Btrfs loaded
Scanning for Btrfs filesystems
done.
Warning: fsck no[   16.799519] EXT4-fs (sda1): mounted filesystem with ordered data mode. Opts: (null)
t present, so skipping root file system
done.
Begin: Running /scripts/local-bottom ... done.
Begin: Running /scripts/init-bottom ... done.
[   16.926494] systemd[1]: systemd 229 running in system mode. (+PAM +AUDIT +SELINUX +IMA +APPARMOR +SMACK +SYSVINIT +UTMP +LIBCRYPTSETUP +GCRYPT +GNUTLS +ACL +XZ -LZ4 +SECCOMP +BLKID +ELFUTILS +KMOD -IDN)
[   16.997361] systemd[1]: Detected virtualization oracle.
[   17.010914] systemd[1]: Detected architecture x86-64.

Welcome to [1mUbuntu 16.04.5 LTS[0m!

[   17.0553 sstemd[1]: Set hostname to <ubuntu>.
[   17.170395] systemd[1]: Initializing machine ID from random generator.
[   17.172190] systemd[1 Installed transit et/mchneidfie.

[   17.719191] systemd[1]: Created slice User and Session Slice.
[[0;32m  OK  [0m] Created slice User and Session Slice.
[   18.234948systemd[1]: Started Trigger resolvcof uate fr networkd DNS.

[[0;32m  OK  [0m] Started Trigger resolvconf update for networkd DNS.
[   18.452813] systemd[1]: Listening on /dev/initctl Compatibility Named Pipe.
[[0;32m  OK  [0m] Listening on /dev/initctl Compatibility Named Pipe.
[   8.45690]systmd[1: Listening on udev Control Socket.
[[0;32m  OK  [0m] Listening on udev Control Socket.
[   19.210449] systemd[1]: Listening on Syslog Socket.
[[0;32m  OK  [0m] Listening on Syslog Socket.
[   19.271] ysem[1: Reached target Encrypted Volumes.

[[0;32m  OK  [0m] Reached target Encrypted Volumes.
[   19.446812] systemd[1]: Set up automount Arbitrary Executable File Formats File System Automount Point.
[[0;32m  OK  [0m] Set up automount Arbitrary Executab...ats File System Automount Point.
[   19.451945] systemd[1]:eachd taret Sysm im Snchronied

[[0;32m  OK  [0m] Reached target System Time Synchronized.
[  1.83265]sytemd[]:Litening on LVM2 metadata daemon socket.
[[0;32m  OK  [0m] Listening on LVM2 metadata daemon socket.
[   20.2424] ysem[1: istenig n ounal Socket (/dev/log).
[[0;32m  OK  [0m] Listening on Journal Socket (/dev/log).
[   0.650582] systemd[1]: Listening on udev Kernel Socket.
[[0;32m  OK  [0m] Listening on udev Kernel Socket.
[   20.685241] systemd[1]: Created slice System Slice.
[[0;32m  OK  [0m] Created slice[   21.229317] random: nonblocking pool is initialized
 System Slice.
[  21.8650] systemd[1]: Reached target Slices.
[[0;32m  OK  [0m] Reached target Slices.
[   22.270619] system1] Lstening on LVM2 poll daemon socket
[[0;32m  OK  [0m] Listening on LVM2 poll daemon socket.
[  22.442969] systemd[1]: Started Forward Pswrd Requests to Wall Directory Watch.
[[0;32m  OK  [0m] Started Forward Password Requests to Wall Directory Watch.
[   2.658895] systemd[1]: Listening on Jounal ocet
[[0;32m  OK  [0m] Listening on Journal Socket.
[   22.842873] systemd[1]: Starting Create list of required static device nodes for the current kernel...
         Starting Create list of required st... nodes for the current kernel...
[   22.943347] systemd[1]: Starting Load Kernel Modules...
         Starting Load Kernel Modules...
[   22.965394] Loading iSCSI transport class v2.0-870.
[   22.966498] systemd[1]: Mounting Huge Pages File System...
         Mounting Huge Pages File System...
[   22.975028] systemd[1]: Starting Set console keymap...
         Starting Set console keymap...
[   22.989316] systemd[1]: Starting Remount Root and Kernel File Systems...
         Starting Remount[   23.002103] iscsi: registered transport (tcp)
 Root and Kernel[   23.006018] EXT4-fs (sda1): re-mounted. Opts: (null)
 File Systems...
[   23.013913] systemd[1]: Reached target User and Group Name Lookups.
[[0;32m  OK  [0m] Reached target User and Group Name Lookups.
[   23.038168] systemd[1]: Mounting Debug File System...
         Mounting Debug File System...
[   23.049519] systemd[1]: Reached target Swap.
[[0;32m  OK  [0m] Reached target Swap.
[   23.052016] systemd[1]: Listening on Device-mapper event daemon FIFOs.
[[0;32m  OK  [0m] Listening on Dev[   23.057951] iscsi: registered transport (iser)
ice-mapper event daemon FIFOs.
[   23.092070] systemd[1]: Starting Monitoring of LVM2 mirrors, snapshots etc. using dmeventd or progress polling...
         Starting Monitoring of LVM2 mirrors... dmeventd or progress polling...
[   23.107096] systemd[1]: Created slice system-serial\x2dgetty.slice.
[[0;32m  OK  [0m] Created slice system-serial\x2dgetty.slice.
[   23.150843] systemd[1]: Starting Nameserver information manager...
         Starting Nameserver information manager...
[   23.210620] systemd[1]: Mounting POSIX Message Queue File System...
         Mounting POSIX Message Queue File System...
[  2.2679]syted[1] Listening on Journal AuditSocket.
[[0;32m  OK  [0m] Listening on Journal Audit Socket.
[   23.614791] systemd[1]: Starting Journal Service...
         Starting Journal Service...
[   23.674968] systemd[1]: Starting Uncomplicated firewall...
         Starting Uncomplicated firewall...
[   23.718919] systemd[1]: Mounted Debug File System.
[[0;32m  OK  [0m] Mounted Debug File System.
[   23.767103] systemd[1]: Mounted POSIX Message Queue File System.
[[0;32m  OK  [0m] Mounted POSIX Message Queue File System.
[   23.831218] systemd[1]: Mounted Huge Pages File System.
[[0;32m  OK  [0m] Mounted Huge Pages File System.
[   23.890865] systemd[1]: Started Journal Service.
[[0;32m  OK  [0m] Started Journal Service.
[[0;32m  OK  [0m] Started Create list of required sta...ce nodes for the current kernel.
[[0;32m  OK  [0m] Started Load Kernel Modules.
[[0;32m  OK  [0m] Started Set console keymap.
[[0;32m  OK  [0m] Started Remount Root and Kernel File Systems.
[[0;32m  OK  [0m] Started Uncomplicated firewall.
[[0;32m  OK  [0m] Started Nameserver information manager.
[[0;32m  OK  [0m] Started LVM2 metadata daemon.
         Starting udev Coldplug all Devices...
         Starting Load/Save Random Seed...
         Mounting FUSE Control File System...
         Starting Apply Kernel Variables...
         Starting Create Static Device Nodes in /dev...
         Starting Flush Journal to Persistent Storage...
[[0;32m  OK  [0m] Mounted FUSE Control File System.
[[0;32m  OK  [0m] Started Load/Save Random Seed.
[[0;32m  OK  [0m] Started Apply Kernel Variables.
[[0;32m  OK  [0m] Started Create Static Device Nodes in /dev.
[[0;32m  OK  [0m] Started udev Coldplug all Devices.
[[0;32m  OK  [0m] Started Flush Journal to Persistent Storage.
[[0;32m  OK  [0m] Started Monitoring of LVM2 mirrors,...ng dmeventd or progress polling.
         Starting udev Kernel Device Manager...
[[0;32m  OK  [0m] Started udev Kernel Device Manager.
[[0;32m  OK  [0m] Reached target Local File Systems (Pre).
[[0;32m  OK  [0m] Reached target Local File Systems.
         Starting Commit a transient machine-id on disk...
         Starting Create Volatile Files and Directories...
         Starting LSB: AppArmor initialization...
         Starting Initial cloud-init job (pre-networking)...
         Starting Set console font and keymap...
         Starting Tell Plymouth To Write Out Runtime Data...
[[0;32m  OK  [0m] Started Dispatch Password Requests to Console Directory Watch.
[[0;32m  OK  [0m] Started Commit a transient machine-id on disk.
[[0;32m  OK  [0m] Started Create Volatile Files and Directories.
[[0;32m  OK  [0m] Started Tell Plymouth To Write Out Runtime Data.
[[0;32m  OK  [0m] Found device /dev/ttyS0.
[[0;32m  OK  [0m] Listening on Load/Save RF Kill Switch Status /dev/rfkill Watch.
         Starting Update UTMP about System Boot/Shutdown...
[[0;32m  OK  [0m] Started Set console font and keymap.
[[0;32m  OK  [0m] Started Update UTMP about System Boot/Shutdown.
[[0;32m  OK  [0m] Created slice system-getty.slice.
[   21.209838] cloud-init[493]: Cloud-init v. 18.3-9-g2e62cb8a-0ubuntu1~16.04.2 running 'init-local' at Mon, 05 Nov 2018 17:09:53 +0000. Up 20.33 seconds.
[[0;32m  OK  [0m] Started Initial cloud-init job (pre-networking).
[[0;32m  OK  [0m] Reached target Network (Pre).
[[0;32m  OK  [0m] Started LSB: AppArmor initialization.
         Starting Raise network interfaces...
[[0;32m  OK  [0m] Started Raise network interfaces.
[[0;32m  OK  [0m] Reached target Network.
         Starting Initial cloud-init job (metadata service crawler)...
[   23.807755] cloud-init[942]: Cloud-init v. 18.3-9-g2e62cb8a-0ubuntu1~16.04.2 running 'init' at Mon, 05 Nov 2018 17:09:55 +0000. Up 22.48 seconds.
[   23.827426] cloud-init[942]: ci-info: +++++++++++++++++++++++++++++++++++++Net device info++++++++++++++++++++++++++++++++++++++
[   23.836426] cloud-init[942]: ci-info: +--------+-------+--------------------------+---------------+--------+-------------------+
[   23.846257] cloud-init[942]: ci-info: | Device |   Up  |         Address          |      Mask     | Scope  |     Hw-Address    |
[   23.858393] cloud-init[942]: ci-info: +--------+-------+--------------------------+---------------+--------+-------------------+
[   23.874488] cloud-init[942]: ci-info: | enp0s3 |  True |        10.0.2.15         | 255.255.255.0 | global | 02:28:89:27:00:51 |
[   23.888621] cloud-init[942]: ci-info: | enp0s3 |  True | fe80::28:89ff:fe27:51/64 |       .       |  link  | 02:28:89:27:00:51 |
[   23.904463] cloud-init[942]: ci-info: | enp0s8 | False |            .             |       .       |   .    | 08:00:27:72:fb:e6 |
[   23.928712] cloud-init[942]: ci-info: |   lo   |  True |        127.0.0.1         |   255.0.0.0   |  host  |         .         |
[[0;32m  OK  [0m] Started Initial cloud-init job (metadata service crawler).
[   24.051359] cloud-init[942]: ci-info: |   lo   |  True |         ::1/128          |       .       |  host  |         .         |
[   24.102369] cloud-init[942]: ci-info: +--------+-------+--------------------------+---------------+--------+-------------------+
[[0;32m  OK  [0m] Reached target System Initialization.
[   24.127227] cloud-init[942]: ci-info: +++++++++++++++++++++++++++Route IPv4 info++++++++++++++++++++++++++++
[[0;32m  OK  [0m] Listening on UUID daemon activation socket.
[   24.148662] cloud-init[942]: ci-info: +-------+-------------+----------+---------------+-----------+-------+
[   24.194169] cloud-init[942]: ci-info: | Route | Destination | Gateway  |    Genmask    | Interface | Flags |
[[0;32m  OK  [0m] Started ACPI Events Check.
[[0;32m  OK  [0m] Reached target Paths.
[   24.282792] cloud-init[942]: ci-info: +-------+-------------+----------+---------------+-----------+-------+
[   24.327164] cloud-init[942]: ci-info: |   0   |   0.0.0.0   | 10.0.2.2 |    0.0.0.0    |   enp0s3  |   UG  |
         Starting LXD - unix socket.
[[0;32m  OK  [0m] Listening on D-Bus System Message Bus Socket.
[[0;32m  OK  [0m] Started Daily Cleanup of Temporary Directories.
[[0;32m  OK  [0m] Started Daily apt download activities.
         Starting Socket activation for snappy daemon.
[[0;32m  OK  [0m] Listening on ACPID Listen Socket.
[[0;32m  OK  [0m] Started Daily apt upgrade and clean activities.
[[0;32m  OK  [0m] Reached target Timers.
[   24.339664] cloud-init[942]: ci-info: |   1   |   10.0.2.0  | 0.0.0.0  | 255.255.255.0 |   enp0s3  |   U   |
[   24.360725] [[0;32m  OK  [0m] Reached target Cloud-config availability.
[[0;32m  OK  [0m] Reached target Network is Online.
cloud-init[942]: ci-info: +-------+-------------+----------+---------------+-----------+-------+
[   24.369253] cloud-init[942]: ci-info: +++++++++++++++++++Route IPv6 info+++++++++++++++++++
[   24.372327] cloud-init[942]: ci-info: +-------+-------------+---------+-----------+-------+
[   24.377514] cloud-init[942]: ci-info: | Route | Destination | Gateway | Interface | Flags |
         Starting iSCSI initiator daemon (iscsid)...
[   24.380051] [[0;32m  OK  [0m] Listening on LXD - unix socket.
[[0;32m  OK  [0m] Listening on Socket activation for snappy daemon.
[[0;32m  OK  [0m] Reached target Sockets.
[[0;32m  OK  [0m] Reached target Basic System.
cloud-init[942]: ci-info: +-------+-------------+---------+-----------+-------+
[[0;32m  OK  [0m] Started D-Bus System Message Bus.
[   24.410298] cloud-init[942]: ci-info: |   0   |  fe80::/64  |    ::   |   enp0s3  |   U   |
[   24.482535] cloud-init[942]: ci-info: |   3   |   ff00::/8  |    ::   |   enp0s3  |   U   |
[   24.576458] cloud-init[942]: ci-info: +-------+-------------+---------+-----------+-------+
[   24.576649] cloud-init[942]: Generating public/private rsa key pair.
[   24.576906] cloud-init[942]: Your identification has been saved in /etc/ssh/ssh_host_rsa_key.
[   24.577007] cloud-init[942]: Your public key has been saved in /etc/ssh/ssh_host_rsa_key.pub.
[   24.577090] cloud-init[942]: The key fingerprint is:
[   24.577169] cloud-init[942]: SHA256:sDj4GgGvkoEHTpt14lK24PXTbc8v6WhkuxyRnv0oHmM root@ubuntu-xenial
[   24.577253] cloud-init[942]: The key's randomart image is:
[   24.577335] cloud-init[942]: +---[RSA 2048]----+
[   24.577410] cloud-init[942]: |                 |
[   24.577489] cloud-init[942]: |                 |
[   24.577581] cloud-init[942]: |oo * ..          |
[   24.577662] cloud-init[942]: |=+X.=..o. .      |
[   24.577739] cloud-init[942]: |o*=ooo..S=       |
[   24.577814] cloud-init[942]: | =.o .. oo*      |
[   24.577893] cloud-init[942]: |+ . .   oE.+.    |
[   24.577967] cloud-init[942]: |.  o    o+=o+    |
[   24.578050] cloud-init[942]: |  .     o=+o.o   |
[   24.578120] cloud-init[942]: +----[SHA256]-----+
[   24.578188] cloud-init[942]: Generating public/private dsa key pair.
[   24.578261] cloud-init[942]: Your identification has been saved in /etc/ssh/ssh_host_dsa_key.
[   24.578328] cloud-init[942]: Your public key has been saved in /etc/ssh/ssh_host_dsa_key.pub.
[   24.578396] cloud-init[942]: The key fingerprint is:
[   24.578657] cloud-init[942]: SHA256:334vGFgvWYib0OSK1Z4C5OHoTpRFTpVvpGkTlS3Q5oA root@ubuntu-xenial
[   24.578843] cloud-init[942]: The key's randomart image is:
[   24.578942] cloud-init[942]: +---[DSA 1024]----+
[   24.579090] cloud-init[942]: |     .ooo=.o     |
[   24.579259] cloud-init[942]: |     oE + B .    |
[   24.579608] cloud-init[942]: |     B.. # o .   |
[   24.579740] cloud-init[942]: |    + + B O o .  |
[   24.579818] cloud-init[942]: |   o   =S* * +   |
[   24.579952] cloud-init[942]: |    o . o.*.+ .  |
         Starting /etc/rc.local Compatibility...
[   24.580261] cloud-init[942]: |   o     .. .+   |
[   24.951757] cloud-init[942]: |    .      .. o  |
         Starting LSB: Record successful boot for GRUB...
[   24.961234] cloud-init[942]: |            .. o.|
[   24.968474] cloud-init[942]: +----[SHA256]-----+
[   24.976503] [[0;32m  OK  [0m] Started ACPI event daemon.
cloud-init[942]: Generating public/private ecdsa key pair.
         Starting Accounts Service...
[[0;32m  OK  [0m] Started Unattended Upgrades Shutdown.
         Starting LSB: MD monitoring daemon...
[   24.989618] cloud-init[942]: Your identification has been saved in /etc/ssh/ssh_host_ecdsa_key.
         Starting Snappy daemon...
[   25.022342] cloud-init[942]: Your public key has been saved in /etc/ssh/ssh_host_ecdsa_key.pub.
[[0;32m  OK  [0m] Started FUSE filesystem for LXC.
[   25.164923] cloud-init[942]: The key fingerprint is:
[   25.172259] cloud-init[942]: SHA256:XxeupNVlpLnQ+zY4CxKolzcfXyzQhtzpq2t7BXLF71I root@ubuntu-xenial
[   25.188845] cloud-init[942]: The key's randomart image is:
[   25.189453] cloud-init[942]: +---[ECDSA 256]---+
[   25.190079] cloud-init[942]: |              . .|
[   25.190290] cloud-init[942]: |             . * |
[[0;32m  OK  [0m] Started Regular background program processing daemon.
[   25.190619] cloud-init[942]: |            . * +|
[   25.229123] cloud-init[942]: |        . ..+*.*E|
[   25.246733]          cloud-initStarting LXD - container startup/shutdown...[942]: 
|       .S. +*=Bo |
[   25.255754]          Starting Login Service...
cloud-init[942]: |      . ...=+o+o.|
[   25.292673]          cloud-initStarting Pollinate to seed the pseudo random number generator...[942]: 
|     . o +oo.=.=o|
[   25.456888] [cloud-init[0;32m  OK  [0m[942]: ] |      . . +.+.*..|Started Deferred execution scheduler.

[   25.457838] cloud-init[942]: |          .==+   |
[   25.555307] cloud-init[942]: +----[SHA256]-----+
[   25.584597]          Starting System Logging Service...
cloud-init[942]: Generating public/private ed25519 key pair.
[   25.592854]          cloud-initStarting Virtualbox guest utils...[942]: 
Your identification has been saved in /etc/ssh/ssh_host_ed25519_key.
[   25.608971] [[0;32m  OK  [0m] Started Snappy daemon.
[[0;32m  OK  [0m] Started System Logging Service.
cloud-init[942]: Your public key has been saved in /etc/ssh/ssh_host_ed25519_key.pub.
[   25.614331] cloud-init[942]: The key fingerprint is:
[   25.631960] [cloud-init[0;32m  OK  [0m[942]: ] SHA256:n8K4Iw6JqsgCASkqtNhGss/VjDaRAQHw8MZaCLPWMSw root@ubuntu-xenialStarted /etc/rc.local Compatibility.

[   25.633020] cloud-init[942]: The key's randomart image is:
[[0;32m  OK  [0m] Started LXD - container startup/shutdown.
[   25.655019] cloud-init[942]: +--[ED25519 256]--+
[   25.672726] [[0;32m  OK  [0m] Started Pollinate to seed the pseudo random number generator.
cloud-init[942]: |Bo+=.o           |
[   25.686932] cloud-init[942]: |*Eo.=            |
[[0;32m  OK  [0m] Started iSCSI initiator daemon (iscsid).
[   25.690616] cloud-init[942]: |O*O. =           |
[   25.716256] cloud-init[942]: |B=o = o          |
[   25.722590] cloud-init[942]: |o= o .  S        |
[   25.726930] cloud-init[942]: |..o.   o . .     |
[   25.730009] cloud-init[942]: |o o   . o o      |
[   25.750005] cloud-init[942]: |=  .. .. .       |
[   25.753639] cloud-init[942]: |*. .....         |
[   25.778157] cloud-init[942]: +----[SHA256]-----+
[[0;32m  OK  [0m] Started LSB: Record successful boot for GRUB.
[[0;32m  OK  [0m] Started LSB: MD monitoring daemon.
         Starting Authenticate and Authorize Users to Run Privileged Tasks...
         Starting Login to default iSCSI targets...
         Starting OpenBSD Secure Shell server...
         Starting Wait until snapd is fully seeded...
[[0;32m  OK  [0m] Started OpenBSD Secure Shell server.
[[0;32m  OK  [0m] Started Virtualbox guest utils.
[[0;32m  OK  [0m] Started Login Service.
[[0;32m  OK  [0m] Started Authenticate and Authorize Users to Run Privileged Tasks.
[[0;32m  OK  [0m] Started Accounts Service.
[[0;32m  OK  [0m] Started Login to default iSCSI targets.
[[0;32m  OK  [0m] Reached target Remote File Systems (Pre).
[[0;32m  OK  [0m] Reached target Remote File Systems.
         Starting LSB: automatic crash report generation...
         Starting LSB: Set the CPU Frequency Scaling governor to "ondemand"...
         Starting Permit User Sessions...
         Starting LSB: daemon to balance interrupts for SMP systems...
[[0;32m  OK  [0m] Started Permit User Sessions.
[[0;32m  OK  [0m] Started LSB: Set the CPU Frequency Scaling governor to "ondemand".
         Starting Terminate Plymouth Boot Screen...
         Starting Hold until boot process finishes up...
[[0;32m  OK  [0m] Started LSB: automatic crash report generation.
[[0;32m  OK  [0m] Started LSB: daemon to balance interrupts for SMP systems.
[[0;32m  OK  [0m] Started Terminate Plymouth Boot Screen.
[[0;32m  OK  [0m] Started Hold until boot process finishes up.
[[0;32m  OK  [0m] Started Serial Getty on ttyS0.
[[0;32m  OK  [0m] Started Getty on tty1.
[[0;32m  OK  [0m] Reached target Login Prompts.
         Starting Set console scheme...
[[0;32m  OK  [0m] Started Set console scheme.
[[0;32m  OK  [0m] Created slice User Slice of vagrant.
[[0;32m  OK  [0m] Started Session 1 of user vagrant.
         Starting User Manager for UID 1000...
[[0;32m  OK  [0m] Started User Manager for UID 1000.
[[0;32m  OK  [0m] Started Wait until snapd is fully seeded.
         Starting Apply the settings specified in cloud-config...
[[0;32m  OK  [0m] Reached target Multi-User System.
[[0;32m  OK  [0m] Reached target Graphical Interface.
         Starting Update UTMP about System Runlevel Changes...
[[0;32m  OK  [0m] Started Update UTMP about System Runlevel Changes.
[   27.556565] cloud-init[1275]: Generating locales (this might take a while)...
[   28.811985] cloud-init[1275]:   en_US.UTF-8... done
[   28.845454] cloud-init[1275]: Generation complete.
[   29.182256] cloud-init[1275]: Cloud-init v. 18.3-9-g2e62cb8a-0ubuntu1~16.04.2 running 'modules:config' at Mon, 05 Nov 2018 17:10:00 +0000. Up 27.27 seconds.
[[0;32m  OK  [0m] Started Apply the settings specified in cloud-config.
         Starting Execute cloud user/final scripts...
         Stopping User Manager for UID 1000...
[[0;32m  OK  [0m] Stopped User Manager for UID 1000.
[[0;32m  OK  [0m] Removed slice User Slice of vagrant.
[[0;32m  OK  [0m] Created slice User Slice of vagrant.
         Starting User Manager for UID 1000...
[[0;32m  OK  [0m] Started User Manager for UID 1000.
[[0;32m  OK  [0m] Started Session 2 of user vagrant.
ci-info: no authorized ssh keys fingerprints found for user ubuntu.
<14>Nov  5 17:10:03 ec2: 
<14>Nov  5 17:10:03 ec2: #############################################################
<14>Nov  5 17:10:03 ec2: -----BEGIN SSH HOST KEY FINGERPRINTS-----
<14>Nov  5 17:10:03 ec2: 1024 SHA256:334vGFgvWYib0OSK1Z4C5OHoTpRFTpVvpGkTlS3Q5oA root@ubuntu-xenial (DSA)
<14>Nov  5 17:10:03 ec2: 256 SHA256:XxeupNVlpLnQ+zY4CxKolzcfXyzQhtzpq2t7BXLF71I root@ubuntu-xenial (ECDSA)
<14>Nov  5 17:10:03 ec2: 256 SHA256:n8K4Iw6JqsgCASkqtNhGss/VjDaRAQHw8MZaCLPWMSw root@ubuntu-xenial (ED25519)
<14>Nov  5 17:10:03 ec2: 2048 SHA256:sDj4GgGvkoEHTpt14lK24PXTbc8v6WhkuxyRnv0oHmM root@ubuntu-xenial (RSA)
<14>Nov  5 17:10:03 ec2: -----END SSH HOST KEY FINGERPRINTS-----
<14>Nov  5 17:10:03 ec2: #############################################################
-----BEGIN SSH HOST KEY KEYS-----
ecdsa-sha2-nistp256 AAAAE2VjZHNhLXNoYTItbmlzdHAyNTYAAAAIbmlzdHAyNTYAAABBBPfTbULLsu+aPHEl0VYQVVIXgxNOgws+qQXBvWQZRqng4MPO8UFs6wJwyxJX13AoGbUQCOcRb7JlyZZwCeIwpKE= root@ubuntu-xenial
ssh-ed25519 AAAAC3NzaC1lZDI1NTE5AAAAIHotjbTq0yvR/JPeA5Fq6y6OO03zSyrpy5dn9qehPHia root@ubuntu-xenial
ssh-rsa AAAAB3NzaC1yc2EAAAADAQABAAABAQDw/kb8+NeMOEyp6K8pZurM8ykjPfaAu6sUBkZatCDwAdq9DtBVO0uKc9Ps26/DG24w2OBBO4rqrAk77Kvf+MoeWoWUt4UIGyEjE9dzir0kuIoJpfk9ZN7iKXypjKZ0PXIbWehhgSNDwmTEUHvjpjvW4wxFR6ifci/0fyLA0RN6x1Pfp3Yz6XX2UQBW/ceXWihbvqgwLomBUrpEP8SULAKRI5UiVNJHB+eFU8n8O44q/ZuvVxSrdcKBLy5vova4fr4EjgwBRD6XRqPtJ1Z+gwH4FNUe51b5Sdrs7dOTl5VFxn8Mi/sUJHdrtGIOm5rDeyigYGmlF/gsF1oBfsPkh9MD root@ubuntu-xenial
-----END SSH HOST KEY KEYS-----
[   30.646795] cloud-init[1510]: Cloud-init v. 18.3-9-g2e62cb8a-0ubuntu1~16.04.2 running 'modules:final' at Mon, 05 Nov 2018 17:10:02 +0000. Up 29.94 seconds.
[   30.669482] cloud-init[1510]: ci-info: no authorized ssh keys fingerprints found for user ubuntu.
[   30.671913] cloud-init[1510]: Cloud-init v. 18.3-9-g2e62cb8a-0ubuntu1~16.04.2 finished at Mon, 05 Nov 2018 17:10:03 +0000. Datasource DataSourceNoCloud [seed=/dev/sdb][dsmode=net].  Up 30.63 seconds
[[0;32m  OK  [0m] Started Execute cloud user/final scripts.
[[0;32m  OK  [0m] Reached target Cloud-init target.

Ubuntu 16.04.5 LTS ubuntu-xenial ttyS0

ubuntu-xenial login: 