[    0.000000] Initializing cgroup subsys cpuset
[    0.000000] Initializing cgroup subsys cpu
[    0.000000] Initializing cgroup subsys cpuacct
[    0.000000] Linux version 4.4.0-137-generic (build@gw0-amd64-037) (gcc version 5.4.0 20160609 (Ubuntu 5.4.0-6ubuntu1~16.04.10) ) #163-Ubuntu SMP Mon Sep 24 13:14:43 UTC 2018 (Ubuntu 4.4.0-137.163-geric 4.4.144)
[    0.000000] Command line: BOO_IMAG=/boot/vmlinuz-4.4.0-137-generic root=LABEL=cloudimg-rootfs ro console=tty1 console=ttyS0
[    0.000000] KERNEL supported cpus:
[    0.000000]   Intel GenuineIntel
[    0.000000]   AMD AuthenticAMD
[   0.000000]  Cntur CentaurHauls
[    0.000000] x86/fpu: xstate_offset[2]:  576, xstate_sizes[2]:  256
[    0.000000] x86/fpu: Supporting XSAVE fetue x01: 'x7 oatingpontregisters'
[   .000000] x86/fpu: Supporting XSAVE feature 0x02: 'SSE registers'
[    0.000000] x86/fpu: Supporting XSAVE feature 0x04: 'AVX registers'
[    0.000000] x86/fpu: Enabled xstate features 0x7, context size is 832 bytes, using 'standard' format.
[    0.000000] e820: IO-provided physical RAMma:
[    0.000000] BIOS-e820: [mem 0x0000000000000000-0x000000000009fbff] usable
[   .00000] BIOS-e820: [mem 0x000000000009fc00-0x00000000009ffff]reserve
   0.000000] BIOS-e820: [mem 0x00000000000f0000-0x00000000000fffff] reserved
[    0.000000] BIOS-e820: [mem 0x0000000000100000-0x000000003ffeffff] usable
[    0.00000] BIO-e820:[mm x000000003fff0000-0x000000003fffffff]CP data
[   .00000] BIOS-e820: [mem 0x000000fec0000-x0000000fec00fff] reerved
[    0.000000] BIOS-e820: [mem 0x00000000fee00000-0x00000000fee00fff] reserved
[    0.000000] BIOS-e820: [mem 0x00000000fffc0000-0x00000000ffffffff] reserved
[    0.000000] NX (Execute Disable) protection: active
[    0.000000] SMBIOS 2.5 present.
[    0.000000] Hypervso deected:KVM
[    0.000000] e820: last_pfn = 0x3fff0 max_arch_pfn = 0x400000000
[    0.000000] MTRR: Disabled
[    0.000000] x86/PAT: MTRRs disabled, skipping PAT initialization too.
[    0.000000] CPU MTRRs all blan - virtualized system.
[    0.000000] x86/PAT: Configuration [0-7]: WB  WT  UC- UC  WB  WT  UC- UC  
[    0.000000] found SMP MP-table at [mem 0x0009fff0-0x0009ffff] mapped at [ffff88000009fff0]
[    0.000000] Scanning 1 areas for low memory corruption
[    0.000000] RAMDISK: [mem 0x3630e000-0x3717efff]
[    0.000000] ACPI: Early tablechecksum verification disabled
[    0.00000] ACPI: RSDP 0x00000000000E0000 000024 (v02 VBOX  )
[    00000] ACPI: XSDT 0x000000003FFF03 0003C (v01 VOX  VBOXXSDT 00000001 ASL  00000061)
[    0.000000] ACPI: FACP 0x000000003FFF00F0 0000F4 (v04 VBOX   VBOXFACP 00000001 ASL  00000061)
[    0.00000] ACPI:DST x000000003FFF0470 0021FF (v02 VB   VBOXBIOS 0000002INL 201058)
[    0.000000] ACPI: FACS 0x000000003FFF0200 000040
[    0.00000 API: FACS x0000003FFF0200 000040
[   000000] ACPI: APIC 0x000000003FFF0240 00005C (v02 VBOX   VBOXAPIC 00000001 ASL  00000061)
[    0.000000] ACPI: SSDT 0x00000003FF2A0 0001C v01 BOX   VBOCPT 00000002 INTL 0100528)
[    000000] No NUM cnfiguattion fond
[    0.000000] Faking a node at [mem 0x0000000000000000-0x0000003ffeff]
[    0.000000] NODE_DATA(0) allocated [mem 0x3ffeb000-0x3ffeffff]
[    0.000000] kvm-clock: Usingsrs 4b64d01 an 4b564d00
[   0.000000] kvm-clock: cpu 0, msr 0:3ffe3001, primary cpu clock
[    0.000000] kvm-clock: using sched offset of 3403506197 cycles
[    0.000000] clocksource: kvm-clock: mask: 0xffffffffffffffff max_cycles: 0x1cd42e4dffb, max_idle_ns: 881590591483 ns
[    0.000000] Zone ranges:
[    0.000000]   DMA      [mem 0x0000000000001000-0x0000000000ffffff]
[    0.000000]   DMA32   [mem 0x0000000001000000-0x000000003ffeffff]
[    0.000000]   Normal   empty
[    0.000000  Device   mpy
[    0.000000] Movable zonestrtfor echnoe
[    0.000000] Early memory node ranges
[    0.000]   node   0: [mem 0x0000000000001000-0x000000000009efff]
[    0.000000]   node  0 [mem 0x0000000000100000-0x000000003ffeffff]
[    0.00000]Initem setup node [em 0x000000000001000-0x000000003ffeffff]
[    0.000000] ACPI: PM-Timer IO Port: 0x4008
[    0.0000] IOAPIC[0]: apic_id 2, version 32, address 0xfec00000, GSI 0-23
[    0.000000] ACPI: INT_SRC_OVR (bus0 usirq 0 globl_irq 2 dfl dfl)
[    0.000000] ACPI: INT_SRC_OVR (bus 0 bus_irq 9 global_irq 9 low leel)
[    0.000000] Using ACPI (MADT) for SM coniguration informio
[    0.000000] smpboot: Allowing 2 CPUs, 0 hotplug CPUs
[    0.00000 PM:Registered nosave memory: [mem 0x00000000-0x00000fff]
[  0.00000] PM: Registerd osav mmoy: [mem0x009f000-0x0009ffff]
[    0.000000] PM: Registered nosave memory: [mem 0x000a0000-0x000effff]
[    0.000000] PM: Registered nosave memory: [mem 0x000f0000-0x000fffff]
[    0.000000] e820: [mem 0x40000000-0xfebfffff] available for PCI devics
[    0.000000] Booting paravirtualized kernel o KVM
[   0.000000] cocksource: refined-jiffies: mask: 0xffffffff max_cycles: 0xffffffff, max_idle_ns: 7645519600211568 ns
[    0.000000] setup_percpu: NR_CPUS:512 nr_cpumask_bits:512r_cp_ids:2 nr_node_ids:
[   0.00000] PERCU:Emedded 34 paescp @ffff88003fc00000 s99608 r8192 d31464 u1048576
[   0.0000] PV pilock hastale entries: 256 (order: 0, 4096 bytes)
[    0.000000] Built 1 zonelists in Node order, mobility grouping on.  Total pages: 25791
    00000] Policy zone: DMA32
[  0.00000] Kernel commad ine: BO_IAGE=/boot/vliuz4.4.0-137-generic oot=LABEL=cloudimg-rootfs ro conol=tty1 consolettS0
[    0.000000] PID hash table entries 496(order: 3, 368bytes)
[    0.000000] Memory: 997716K/1048120K available (8555K kernel code, 1314K rwdata, 00K rodat, 1528K init, 1316K bss, 50404K reserved, 0K cma-reserved)
[    0.000000] SLUB: HWalign=64,Orer0-3, inObjects=0, CPUs=2, Nodes=1
[    0.000000] Kernel/User page tables isolatin: enabled
[    0.000000] Hierarchil CU implementation.
[    0.000000] 	Buil-time adusment ofleaf fanout to 64.
[    0.000000] 	RCU restricting CPUs from NR_CPUS=52 o nr_cpu_ids=2.
[    0.000000] RCU: Adjustinggemetry for rcu_fanout_leaf=64, nr_cpu_ids=2
[    0.000000] NR_IRQS:33024 nr_irqs:440 16
[   0.000000]Cosoe: colour VG+ 0x25[   0.000000] console [tty1] enabled
[    0.000000] console [ty0] enaled
[    0.000000] tsc: Detected 1599.999 MHz processor
[    5.240920] Calibrating delay loop (skipped) preset value.. 3199.99 BogoMIPS (lpj=6399996)
[    5.294156] pid_max: default: 32768 minimum: 301
[    5.297561] ACPI: Core revision 20150930
[    5.315428] ACPI: 2 ACPI AML tables successfully acquired and loaded
[    5.318449] Security Framework initialized
[    5.361471] Yama: becoming mindful.
[    5.393494] AppArmor: AppArmor initialized
[    5.412568] Dentry cache hash table entries: 131072 (order: 8, 1048576 bytes)
[    5.434485] Inode-cache hash table entries: 65536 (order: 7, 524288 bytes)
[    5.445623] Mount-cache hash table entries: 2048 (order: 2, 16384 bytes)
[    5.453051] Mountpoint-cache hash table entries: 2048 (order: 2, 16384 bytes)
[    5.462064] Initializing cgroup subsys io
[    5.483741] Initializing cgroup subsys memory
[    5.485254] Initializing cgroup subsys devices
[    5.486545] Initializing cgroup subsys freezer
[    5.487832] Initializing cgroup subsys net_cls
[    5.489203] Initializing cgroup subsys perf_event
[    5.490549] Initializing cgroup subsys net_prio
[    5.491865] Initializing cgroup subsys hugetlb
[    5.493296] Initializing cgroup subsys pids
[    5.505687] mce: CPU supports 0 MCE banks
[    5.506811] Last level iTLB entries: 4KB 64, 2MB 8, 4MB 8
[    5.508185] Last level dTLB entries: 4KB 64, 2MB 0, 4MB 0, 1GB 4
[    5.509821] Spectre V2 : Mitigation: Full generic retpoline
[    5.517215] Spectre V2 : Spectre v2 mitigation: Speculation control IBPB not-supported IBRS not-supported
[    5.520300] Spectre V2 : Spectre v2 / SpectreRSB mitigation: Filling RSB on context switch
[    5.526094] Speculative Store Bypass: Vulnerable
[    5.541503] Freeing SMP alternatives memory: 32K
[    5.567151] ftrace: allocating 32265 entries in 127 pages
[    5.637673] smpboot: APIC(0) Converting physical 0 to logical package 0
[    5.639367] smpboot: Max logical packages: 1
[    5.640898] x2apic enabled
[    5.642059] Switched APIC routing to physical x2apic.
[    5.654013] ..TIMER: vector=0x30 apic1=0 pin1=2 apic2=-1 pin2=-1
[    5.760573] smpboot: CPU0: Intel(R) Core(TM) i5-5250U CPU @ 1.60GHz (family: 0x6, model: 0x3d, stepping: 0x4)
[    5.776169] Performance Events: unsupported p6 CPU model 61 no PMU driver, software events only.
[    5.885425] KVM setup paravirtual spinlock
[    5.909928] x86: Booting SMP configuration:
[    5.916787] .... node  #0, CPUs:      #1
[    5.918118] kvm-clock: cpu 1, msr 0:3ffe3041, secondary cpu clock
[    5.953716] mce: CPU supports 0 MCE banks
[    5.956614] x86: Booted up 1 node, 2 CPUs
[    5.978527] smpboot: Total of 2 processors activated (6399.99 BogoMIPS)
[    6.017670] devtmpfs: initialized
[    6.043026] evm: security.selinux
[    6.055118] evm: security.SMACK64
[    6.056404] evm: security.SMACK64EXEC
[    6.085115] evm: security.SMACK64TRANSMUTE
[    6.113312] evm: security.SMACK64MMAP
[    6.133368] evm: security.ima
[    6.134284] evm: security.capability
[    6.142131] clocksource: jiffies: mask: 0xffffffff max_cycles: 0xffffffff, max_idle_ns: 7645041785100000 ns
[    6.190142] futex hash table entries: 512 (order: 3, 32768 bytes)
[    6.224940] pinctrl core: initialized pinctrl subsystem
[    6.255094] RTC time: 16:09:08, date: 11/05/18
[    6.285654] NET: Registered protocol family 16
[    6.325246] cpuidle: using governor ladder
[    6.360785] cpuidle: using governor menu
[    6.383370] PCCT header not found.
[    6.414444] ACPI: bus type PCI registered
[    6.415637] acpiphp: ACPI Hot Plug PCI Controller Driver version: 0.5
[    6.428930] PCI: Using configuration type 1 for base access
[    6.445811] ACPI: Added _OSI(Module Device)
[    6.457278] ACPI: Added _OSI(Processor Device)
[    6.458531] ACPI: Added _OSI(3.0 _SCP Extensions)
[    6.459725] ACPI: Added _OSI(Processor Aggregator Device)
[    6.471127] ACPI: Executed 1 blocks of module-level executable AML code
[    6.475261] ACPI: Interpreter enabled
[    6.476405] ACPI: (supports S0 S5)
[    6.483097] ACPI: Using IOAPIC for interrupt routing
[    6.484843] PCI: Using host bridge windows from ACPI; if necessary, use "pci=nocrs" and report a bug
[    6.492334] ACPI: PCI Root Bridge [PCI0] (domain 0000 [bus 00-ff])
[    6.499998] acpi PNP0A03:00: _OSC: OS supports [ASPM ClockPM Segments MSI]
[    6.501721] acpi PNP0A03:00: _OSC: not requesting OS control; OS requires [ExtendedConfig ASPM ClockPM MSI]
[    6.510515] acpi PNP0A03:00: fail to add MMCONFIG information, can't access extended PCI configuration space under this bridge.
[    6.514687] PCI host bridge to bus 0000:00
[    6.515915] pci_bus 0000:00: root bus resource [io  0x0000-0x0cf7 window]
[    6.522390] pci_bus 0000:00: root bus resource [io  0x0d00-0xffff window]
[    6.524156] pci_bus 0000:00: root bus resource [mem 0x000a0000-0x000bffff window]
[    6.526502] pci_bus 0000:00: root bus resource [mem 0x40000000-0xfdffffff window]
[    6.534144] pci_bus 0000:00: root bus resource [bus 00-ff]
[    6.539584] pci 0000:00:01.1: legacy IDE quirk: reg 0x10: [io  0x01f0-0x01f7]
[    6.543064] pci 0000:00:01.1: legacy IDE quirk: reg 0x14: [io  0x03f6]
[    6.550588] pci 0000:00:01.1: legacy IDE quirk: reg 0x18: [io  0x0170-0x0177]
[    6.559398] pci 0000:00:01.1: legacy IDE quirk: reg 0x1c: [io  0x0376]
[    6.601226] pci 0000:00:07.0: quirk: [io  0x4000-0x403f] claimed by PIIX4 ACPI
[    6.603408] pci 0000:00:07.0: quirk: [io  0x4100-0x410f] claimed by PIIX4 SMB
[    6.620032] ACPI: PCI Interrupt Link [LNKA] (IRQs 5 9 10 *11)
[    6.622493] ACPI: PCI Interrupt Link [LNKB] (IRQs 5 9 *10 11)
[    6.624746] ACPI: PCI Interrupt Link [LNKC] (IRQs 5 *9 10 11)
[    6.627108] ACPI: PCI Interrupt Link [LNKD] (IRQs 5 9 10 *11)
[    6.631234] ACPI: Enabled 2 GPEs in block 00 to 07
[    6.633407] vgaarb: setting as boot device: PCI:0000:00:02.0
[    6.634855] vgaarb: device added: PCI:0000:00:02.0,decodes=io+mem,owns=io+mem,locks=none
[    6.637195] vgaarb: loaded
[    6.637996] vgaarb: bridge control possible 0000:00:02.0
[    6.639729] SCSI subsystem initialized
[    6.641108] ACPI: bus type USB registered
[    6.642351] usbcore: registered new interface driver usbfs
[    6.649803] usbcore: registered new interface driver hub
[    6.651371] usbcore: registered new device driver usb
[    6.655282] PCI: Using ACPI for IRQ routing
[    6.662428] NetLabel: Initializing
[    6.670738] NetLabel:  domain hash size = 128
[    6.671999] NetLabel:  protocols = UNLABELED CIPSOv4
[    6.673475] NetLabel:  unlabeled traffic allowed by default
[    6.675188] amd_nb: Cannot enumerate AMD northbridges
[    6.683829] clocksource: Switched to clocksource kvm-clock
[    6.696093] AppArmor: AppArmor Filesystem Enabled
[    6.697495] pnp: PnP ACPI init
[    6.699522] pnp: PnP ACPI: found 3 devices
[   .7974]clocksource apipm: mk: 0xffffff max_cycles: 0xffffff, max_idle_ns: 2085701024 ns
[    7.045376] NET: Registered protocol family 2

[    7.047377] TCP established hash table entries: 8192 (order: 4, 65536 bytes)
[    7.049401] TCP bind hash table entries: 8192 (order: 5, 131072 bytes)
[    7.053342] TCP: Hash tables conigured (established 8192 bind 8192)
[    7.083000] UDP hash table entries: 512 (order: 2, 16384 bytes)
[    7.084883] UDP-Lit hshtale entries: 512 (order: 2, 16384 bytes)[   .2469] NETReiserd protocol family 1
[   7.517719] pci 0000:00:00.0: Limiting direct PCI/PCI transfers
[    7.545541] pci 0000:00:01.0: Activating ISA DMA hang workarounds
[    7.47223] Unpacking initramfs...
[    7.856352] Freeing initrd memory: 14788K
[    7.877443] RAPL PMU detected, API unit is 2^-32 Joules, 4 fixed counters 10737418240 ms ovfl timer
[    7.961571] hw unit of domain pp0-core 2^-0 Joules
[    8.010926] hw unit of domain package 2^-0 Joules
[    8.035092] hw unit of domain dram 2^-0 Joules
[    8.074946] hw unit of domain pp1-gpu 2^-0 Joules
[    8.076553] platform rtc_cmos: registered platform RTC device (no PNP device found)
[    8.137927] Scanning for low memory corruption every 60 seconds
[    8.162106] audit: initializing netlink subsys (disabled)
[    8.167478] audit: type=2000 audit(1541434149.527:1): initialized
[    8.173205] Initialise system trusted keyring
[    8.175505] HugeTLB registered 2 MB page size, pre-allocated 0 pages
[    8.187114] zbud: loaded
[    8.188816] VFS: Disk quotas dquot_6.6.0
[    8.200506] VFS: Dquot-cache hash table entries: 512 (order 0, 4096 bytes)
[    8.212679] squashfs: version 4.0 (2009/01/31) Phillip Lougher
[    8.215672] fuse init (API version 7.23)
[    8.217202] Key type big_key registered
[    8.218391] Allocating IMA MOK and blacklist keyrings.
[    8.229065] Key type asymmetric registered
[    8.238893] Asymmetric key parser 'x509' registered
[    8.264945] Block layer SCSI generic (bsg) driver version 0.4 loaded (major 249)
[    8.267403] io scheduler noop registered
[    8.311026] io scheduler deadline registered (default)
[    8.325142] io scheduler cfq registered
[    8.326908] pci_hotplug: PCI Hot Plug PCI Core version: 0.5
[    8.344857] pciehp: PCI Express Hot Plug Controller Driver version: 0.4
[    8.368068] ACPI: AC Adapter [AC] (off-line)
[    8.377106] input: Power Button as /devices/LNXSYSTM:00/LNXPWRBN:00/input/input0
[    8.396104] ACPI: Power Button [PWRF]
[    8.404453] input: Sleep Button as /devices/LNXSYSTM:00/LNXSLPBN:00/input/input1
[    8.411882] ACPI: Sleep Button [SLPF]
[    8.417533] GHES: HEST is not enabled!
[    8.423641] ACPI: Battery Slot [BAT0] (battery present)
[    8.444916] Serial: 8250/16550 driver, 32 ports, IRQ sharing enabled
[    8.496447] 00:02: ttyS0 at I/O 0x3f8 (irq = 4, base_baud = 115200) is a 16550A
[    8.525866] Linux agpgart interface v0.103
[    8.530076] loop: module loaded
[    8.551104] scsi host0: ata_piix
[    8.557217] scsi host1: ata_piix
[    8.562495] ata1: PATA max UDMA/33 cmd 0x1f0 ctl 0x3f6 bmdma 0xd000 irq 14
[    8.582192] ata2: PATA max UDMA/33 cmd 0x170 ctl 0x376 bmdma 0xd008 irq 15
[    8.612721] libphy: Fixed MDIO Bus: probed
[    8.615729] tun: Universal TUN/TAP device driver, 1.6
[    8.628929] tun: (C) 1999-2004 Max Krasnyansky <maxk@qualcomm.com>
[    8.631452] PPP generic driver version 2.4.2
[    8.634561] ehci_hcd: USB 2.0 'Enhanced' Host Controller (EHCI) Driver
[    8.688185] ehci-pci: EHCI PCI platform driver
[    8.706537] ehci-platform: EHCI generic platform driver
[    8.707927] ohci_hcd: USB 1.1 'Open' Host Controller (OHCI) Driver
[    8.714672] ohci-pci: OHCI PCI platform driver
[    8.752426] ohci-platform: OHCI generic platform driver
[    8.772855] uhci_hcd: USB Universal Host Controller Interface driver
[    8.809024] i8042: PNP: PS/2 Controller [PNP0303:PS2K,PNP0f03:PS2M] at 0x60,0x64 irq 1,12
[    8.888633] serio: i8042 KBD port at 0x60,0x64 irq 1
[    8.925687] serio: i8042 AUX port at 0x60,0x64 irq 12
[    8.983562] mousedev: PS/2 mouse device common for all mice
[    9.012700] rtc_cmos rtc_cmos: rtc core: registered rtc_cmos as rtc0
[    9.045406] input: AT Translated Set 2 keyboard as /devices/platform/i8042/serio0/input/input2
[    9.094872] rtc_cmos rtc_cmos: alarms up to one day, 114 bytes nvram
[    9.167442] i2c /dev entries driver
[    9.184119] tsc: Refined TSC clocksource calibration: 1600.475 MHz
[    9.206011] clocksource: tsc: mask: 0xffffffffffffffff max_cycles: 0x1711e5a5a3b, max_idle_ns: 440795225962 ns
[    9.206177] device-mapper: uevent: version 1.0.3
[    9.206294] device-mapper: ioctl: 4.34.0-ioctl (2015-10-28) initialised: dm-devel@redhat.com
[    9.206322] ledtrig-cpu: registered to indicate activity on CPUs
[    9.206770] NET: Registered protocol family 10
[    9.206985] NET: Registered protocol family 17
[    9.206999] Key type dns_resolver registered
[    9.207376] registered taskstats version 1
[    9.207394] Loading compiled-in X.509 certificates
[    9.208472] Loaded X.509 cert 'Build time autogenerated kernel key: 20acc96b50ca7641011eace69d32209215a9b56f'
[    9.208503] zswap: loaded using pool lzo/zbud
[    9.210907] Key type trusted registered
[    9.215207] Key type encrypted registered
[    9.215217] AppArmor: AppArmor sha1 policy hashing enabled
[    9.215221] ima: No TPM chip found, activating TPM-bypass!
[    9.215229] ima: Allocated hash algorithm: sha1
[    9.215247] evm: HMAC attrs: 0x1
[    9.215751]   Magic number: 10:718:185
[    9.216469] rtc_cmos rtc_cmos: setting system clock to 2018-11-05 16:09:11 UTC (1541434151)
[    9.216613] BIOS EDD facility v0.16 2004-Jun-25, 0 devices found
[    9.216614] EDD information not available.
[    9.670043] Freeing unused kernel memory: 1528K
[   10.424275] Write protecting the kernel read-only data: 14336k
[   10.436805] Freeing unused kernel memory: 1672K
[   10.445473] Freeing unused kernel memory: 92K
Loading, please wait...
starting version 229
[   10.473970] random: udevadm: uninitialized urandom read (16 bytes read, 7 bits of entropy available)
[   10.474104] random: systemd-udevd: uninitialized urandom read (16 bytes read, 7 bits of entropy available)
[   10.474234] random: systemd-udevd: uninitialized urandom read (16 bytes read, 7 bits of entropy available)
[   10.474255] random: systemd-udevd: uninitialized urandom read (16 bytes read, 7 bits of entropy available)
[   10.474373] random: systemd-udevd: uninitialized urandom read (16 bytes read, 7 bits of entropy available)
[   10.572012] random: udevadm: uninitialized urandom read (16 bytes read, 7 bits of entropy available)
[   10.624028] random: systemd-udevd: uninitialized urandom read (16 bytes read, 7 bits of entropy available)
[   10.626801] random: systemd-udevd: uninitialized urandom read (16 bytes read, 7 bits of entropy available)
[   10.628942] random: udevadm: uninitialized urandom read (16 bytes read, 7 bits of entropy available)
[   10.628994] random: udevadm: uninitialized urandom read (16 bytes read, 7 bits of entropy available)
[   10.761105] Fusion MPT base driver 3.04.20
[   10.763611] Copyright (c) 1999-2008 LSI Corporation
[   10.773679] e1000: Intel(R) PRO/1000 Network Driver - version 7.3.21-k8-NAPI
[   10.786796] e1000: Copyright (c) 1999-2006 Intel Corporation.
[   10.818361] AVX2 version of gcm_enc/dec engaged.
[   10.820021] AES CTR mode by8 optimization enabled
[   10.837163] Fusion MPT SPI Host driver 3.04.20
[   11.013349] input: ImExPS/2 Generic Explorer Mouse as /devices/platform/i8042/serio1/input/input4
[   11.608466] e1000 0000:00:03.0 eth0: (PCI:33MHz:32-bit) 02:28:89:27:00:51
[   11.619187] e1000 0000:00:03.0 eth0: Intel(R) PRO/1000 Network Connection
[   11.622211] mptbase: ioc0: Initiating bringup
[   11.688601] ioc0: LSI53C1030 A0: Capabilities={Initiator}
[   11.864170] scsi host2: ioc0: LSI53C1030 A0, FwRev=00000000h, Ports=1, MaxQ=256, IRQ=20
[   11.981257] scsi 2:0:0:0: Direct-Access     VBOX     HARDDISK         1.0  PQ: 0 ANSI: 5
[   12.009406] scsi target2:0:0: Beginning Domain Validation
[   12.013223] scsi target2:0:0: Domain Validation skipping write tests
[   12.014767] scsi target2:0:0: Ending Domain Validation
[   12.016328] scsi target2:0:0: asynchronous
[   12.032017] scsi 2:0:1:0: Direct-Access     VBOX     HARDDISK         1.0  PQ: 0 ANSI: 5
[   12.034374] scsi target2:0:1: Beginning Domain Validation
[   12.036990] scsi target2:0:1: Domain Validation skipping write tests
[   12.038796] scsi target2:0:1: Ending Domain Validation
[   12.040480] scsi target2:0:1: asynchronous
[   12.057015] sd 2:0:0:0: Attached scsi generic sg0 type 0
[   12.058538] sd 2:0:0:0: [sda] 20971520 512-byte logical blocks: (10.7 GB/10.0 GiB)
[   12.061506] sd 2:0:1:0: Attached scsi generic sg1 type 0
[   12.063597] sd 2:0:1:0: [sdb] 20480 512-byte logical blocks: (10.5 MB/10.0 MiB)
[   12.066019] sd 2:0:0:0: [sda] Write Protect is off
[   12.072887] sd 2:0:0:0: [sda] Incomplete mode parameter data
[   12.074572] sd 2:0:0:0: [sda] Assuming drive cache: write through
[   12.076358] sd 2:0:1:0: [sdb] Write Protect is off
[   12.078120] sd 2:0:1:0: [sdb] Incomplete mode parameter data
[   12.084992] sd 2:0:1:0: [sdb] Assuming drive cache: write through
[   12.089736]  sda: sda1
[   12.091485] sd 2:0:0:0: [sda] Attached SCSI disk
[   12.094193] sd 2:0:1:0: [sdb] Attached SCSI disk
[   12.364790] e1000 0000:00:08.0 eth1: (PCI:33MHz:32-bit) 08:00:27:38:df:f8
[   12.374921] e1000 0000:00:08.0 eth1: Intel(R) PRO/1000 Network Connection
[   12.393668] e1000 0000:00:03.0 enp0s3: renamed from eth0
[   12.432529] e1000 0000:00:08.0 enp0s8: renamed from eth1
Begin: Loading essential drivers ... [   13.921218] md: linear personality registered for level -1
[   13.926966] md: multipath personality registered for level -4
[   13.934527] md: raid0 personality registered for level 0
[   13.940061] md: raid1 personality registered for level 1
[   14.020418] raid6: sse2x1   gen()  8557 MB/s
[   14.115902] raid6: sse2x1   xor()  6038 MB/s
[   14.188178] raid6: sse2x2   gen() 10116 MB/s
[   14.308331] raid6: sse2x2   xor()  6485 MB/s
[   14.404094] raid6: sse2x4   gen() 11455 MB/s
[   14.520407] raid6: sse2x4   xor()  8195 MB/s
[   14.610990] raid6: avx2x1   gen() 16420 MB/s
[   14.700511] raid6: avx2x2   gen() 18812 MB/s
[   14.792265] raid6: avx2x4   gen() 19758 MB/s
[   14.824697] raid6: using algorithm avx2x4 gen() 19758 MB/s
[   14.866935] raid6: using avx2x2 recovery algorithm
[   14.886715] xor: automatically using best checksumming function:
[   14.928107]    avx       : 19071.000 MB/sec
[   14.942843] async_tx: api initialized (async)
[   14.988449] md: raid6 personality registered for level 6
[   14.999085] md: raid5 personality registered for level 5
[   15.004514] md: raid4 personality registered for level 4
[   15.024352] md: raid10 personality registered for level 10
done.
Begin: Running /scripts/init-premount ... done.
Begin: Mounting root file system ... Begin: Running /scripts/local-top ... done.
Begin: Running /scripts/local-premount ... [   15.075577] Btrfs loaded
Scanning for Btrfs filesystems
done.
Warning: fsck not present, so sk[   15.108865] EXT4-fs (sda1): mounted filesystem with ordered data mode. Opts: (null)
ipping root file system
done.
Begin: Running /scripts/local-bottom ... done.
Begin: Running /scripts/init-bottom ... done.
[   15.236516] systemd[1]: systemd 229 running in system mode. (+PAM +AUDIT +SELINUX +IMA +APPARMOR +SMACK +SYSVINIT +UTMP +LIBCRYPTSETUP +GCRYPT +GNUTLS +ACL +XZ -LZ4 +SECCOMP +BLKID +ELFUTILS +KMOD -IDN)
[   15.266603] systemd[1]: Detected virtualization oracle.
[   15.288811] systemd[1]: Detected architecture x86-64.

Welcome to [1mUbuntu 16.04.5 LTS[0m!

[ 15.3553] systemd[1]: Set hostname to <ubunt>.
[  1.51760] syemd[1]: Initializingmahie ID fromrandm geneto.[  1.912228] systemd[1]: Installed transient /etc/machine-id file.
[   16.208646] systemd[1]: Reached target Syem Te Synchroniz. [[0;32m  OK  [0m] Reached target System Time Synchronized.
[  1.605239] systemd[1]: Listening o LM2metadata daemon socket.
[[0;32m  OK  [0m] Listening on LVM2 metadata daemon socket.
[   16.753457] systemd[1]: Listening on Device-mapper evnt daeonFIOs
[[0;32m  OK  [0m] Listening on Device-mapper event daemon FIFOs.
[  1.0486]systemd[1]: Set up automount Arbitrary Executable File Formats File System Automount Point.

[[0;32m  OK  [0m] Set up automount Arbitrary Executab...ats File System Automount Point.
[   17.201484] systemd[1]: Listening on udev Kernel Socket.
[[0;32m  OK  [0m] Listening on udev Kernel Socket.
[   17.204909] systemd[1]: Listening on LVM2 poldaemn socket.
[[0;32m  OK  [0m] Listening on LVM2 poll daemon socket.
[   17.308619] systemd[1]: Listening on udev Control Socket.
[[0;32m  OK  [0m] Listening on udev Control Socket.
[  17.63661] systemd[1]: Listening on Journal Socket. [[0;32m  OK  [0m] Listening on Journal Socket.
[   18.044565] systemd[1]: Listening on Journal Socket (/dev/log).
[[0;32m  OK  [0m] Listening on Journal Socket (/dev/log).
[  1.10755 systemd[1]: Listening on Syslog Socket.

[   18.204091] random: nonblocking po i iitalized
[[0;32m  OK  [0m] Listening on Syslog Socket.
[  18.444969] systemd[1]: Reached target Encrypted Volumes.
[[0;32m  OK  [0m] Reached target Encrypted Volumes.
[   18.476444] systemd[1]: Reached target Swap.
[[0;32m  OK  [0m] Reached target Swap.
[  1.605210] systemd[1]: Creatd slie se ad esio Slice.
[[0;32m  OK  [0m] Created slice User and Session Slice.
[   19.044986] systemd[1]: Listening on Journal Audit Socket.
[[0;32m  OK  [0m] Listening on Journal Audit Socket.
[   19.049762] systemd[1]: Created slice System Slice.
[[0;32m  OK  [0m] Created slice System Slice.
[   19.064179] systemd[1]: Mounting Huge Pages File System...
         Mounting Huge Pages File System...
[   19.075254] systemd[1]: Starting Monitoring of LVM2 mirrors, snapshots etc. using dmeventd or progress polling...
         Starting Monitoring of LVM2 mirrors... dmeventd or progress polling...
[   19.103169] systemd[1]: Starting Uncomplicated firewall...
         Starting Uncomplicated firewall...
[   19.113857] systemd[1]: Starting Set console keymap...
         Starting Set console keymap...
[   19.148726] systemd[1]: Created slice system-serial\x2dgetty.slice.
[[0;32m  OK  [0m] Created slice system-serial\x2dgetty.slice.
[   19.175970] systemd[1]: Reached target Slices.
[[0;32m  OK  [0m] Reached target Slices.
[   19.268627] systemd[1]: Starting Create list of required static device nodes for the current kernel...
         Starting Create list of required st... nodes for the current kernel...
[   19.320273] systemd[1]: Starting Nameserver information manager...
         Starting Nameserver information manager...
[   19.416818] systemd[1]: Starting Load Kernel Modules...
         Starting Load Kernel Mo[   19.426327] Loading iSCSI transport class v2.0-870.
dules...
[   19.446066] systemd[1]: Mounting Debug File System...
         [   19.465953] iscsi: registered transport (tcp)
Mounting Debug File System...
[   19.556185] systemd[1]: Reached target User and Group Name Lookups.
[[0;32m  OK  [0m] Reached target User and Group Name Lookups.
[   19.571405] iscsi: registered transport (iser)
[   19.596531] systemd[1]: Starting Journal Service...
         Starting Journal Service...
[   19.616037] systemd[1]: Listening on /dev/initctl Compatibility Named Pipe.
[[0;32m  OK  [0m] Listening on /dev/initctl Compatibility Named Pipe.
[   19.712948] systemd[1]: Started Trigger resolvconf update for networkd DNS.
[[0;32m  OK  [0m] Started Trigger resolvconf update for networkd DNS.
[   19.788481] systemd[1]: Mounting POSIX Message Queue File System...
         Mounting POSIX Message Queue File System...
[   19.793946] systemd[1]: Started Forward Password Requests to Wall Directory Watch.
[[0;32m  OK  [0m] Started Forward Password Requests to Wall Directory Watch.
[   19.924235] systemd[1]: Starting Remount Root and Kernel File Systems...
         Startin[   19.929301] EXT4-fs (sda1): re-mounted. Opts: (null)
g Remount Root and Kernel File Systems...
[   20.591565] systemd[1]: Mounted Debug File System.
[[0;32m  OK  [0m] Mounted Debug File System.
[   20.594532] systemd[1]: Mounted POSIX Message Queue File System.
[[0;32m  OK  [0m] Mounted POSIX Message Queue File System.
[   20.704337] systemd[1]: Mounted Huge Pages File System.
[[0;32m  OK  [0m] Mounted Huge Pages File System.
[   20.728014] systemd[1]: Started Journal Service.
[[0;32m  OK  [0m] Started Journal Service.
[[0;32m  OK  [0m] Started Uncomplicated firewall.
[[0;32m  OK  [0m] Started Set console keymap.
[[0;32m  OK  [0m] Started Create list of required sta...ce nodes for the current kernel.
[[0;32m  OK  [0m] Started Load Kernel Modules.
[[0;32m  OK  [0m] Started Remount Root and Kernel File Systems.
[[0;32m  OK  [0m] Started Nameserver information manager.
[[0;32m  OK  [0m] Started LVM2 metadata daemon.
         Starting Load/Save Random Seed...
         Starting udev Coldplug all Devices...
         Starting Apply Kernel Variables...
         Mounting FUSE Control File System...
         Starting Create Static Device Nodes in /dev...
         Starting Flush Journal to Persistent Storage...
[[0;32m  OK  [0m] Mounted FUSE Control File System.
[[0;32m  OK  [0m] Started Load/Save Random Seed.
[[0;32m  OK  [0m] Started Apply Kernel Variables.
[[0;32m  OK  [0m] Started Create Static Device Nodes in /dev.
[[0;32m  OK  [0m] Started udev Coldplug all Devices.
[[0;32m  OK  [0m] Started Flush Journal to Persistent Storage.
[[0;32m  OK  [0m] Started Monitoring of LVM2 mirrors,...ng dmeventd or progress polling.
         Starting udev Kernel Device Manager...
[[0;32m  OK  [0m] Started udev Kernel Device Manager.
[[0;32m  OK  [0m] Reached target Local File Systems (Pre).
[[0;32m  OK  [0m] Reached target Local File Systems.
         Starting Initial cloud-init job (pre-networking)...
         Starting Set console font and keymap...
         Starting Commit a transient machine-id on disk...
         Starting LSB: AppArmor initialization...
         Starting Tell Plymouth To Write Out Runtime Data...
         Starting Create Volatile Files and Directories...
[[0;32m  OK  [0m] Started Dispatch Password Requests to Console Directory Watch.
[[0;32m  OK  [0m] Started Commit a transient machine-id on disk.
[[0;32m  OK  [0m] Started Tell Plymouth To Write Out Runtime Data.
[[0;32m  OK  [0m] Started Create Volatile Files and Directories.
         Starting Update UTMP about System Boot/Shutdown...
[[0;32m  OK  [0m] Started Update UTMP about System Boot/Shutdown.
[[0;32m  OK  [0m] Found device /dev/ttyS0.
[[0;32m  OK  [0m] Listening on Load/Save RF Kill Switch Status /dev/rfkill Watch.
[[0;32m  OK  [0m] Started Set console font and keymap.
[[0;32m  OK  [0m] Created slice system-getty.slice.
[[0;32m  OK  [0m] Started LSB: AppArmor initialization.
[   16.862918] cloud-init[474]: Cloud-init v. 18.3-9-g2e62cb8a-0ubuntu1~16.04.2 running 'init-local' at Mon, 05 Nov 2018 16:09:24 +0000. Up 16.31 seconds.
[[0;32m  OK  [0m] Started Initial cloud-init job (pre-networking).
[[0;32m  OK  [0m] Reached target Network (Pre).
         Starting Raise network interfaces...
[[0;32m  OK  [0m] Started Raise network interfaces.
         Starting Initial cloud-init job (metadata service crawler)...
[[0;32m  OK  [0m] Reached target Network.
[   18.507305] cloud-init[933]: Cloud-init v. 18.3-9-g2e62cb8a-0ubuntu1~16.04.2 running 'init' at Mon, 05 Nov 2018 16:09:26 +0000. Up 17.66 seconds.
[   18.537315] cloud-init[933]: ci-info: +++++++++++++++++++++++++++++++++++++Net device info++++++++++++++++++++++++++++++++++++++
[   18.641995] [[0;32m  OK  [0m] Started Initial cloud-init job (metadata service crawler).
cloud-init[933]: ci-info: +--------+-------+--------------------------+---------------+--------+-------------------+
[   18.740596] [cloud-init[0;32m  OK  [0m[933]: ] ci-info: | Device |   Up  |         Address          |      Mask     | Scope  |     Hw-Address    |Reached target Network is Online.

[   18.741436] cloud-init[933]: ci-info: +--------+-------+--------------------------+---------------+--------+-------------------+
[   18.889140]          Starting iSCSI initiator daemon (iscsid)...
[[0;32m  OK  [0m] Reached target Cloud-config availability.
cloud-init[933]: ci-info: | enp0s3 |  True |        10.0.2.15         | 255.255.255.0 | global | 02:28:89:27:00:51 |
[   19.059608] cloud-init[933]: ci-info: | enp0s3 |  True | fe80::28:89ff:fe27:51/64 |       .       |  link  | 02:28:89:27:00:51 |
[[0;32m  OK  [0m] Reached target System Initialization.
[[0;32m  OK  [0m] Listening on ACPID Listen Socket.
[[0;32m  OK  [0m] Started Daily Cleanup of Temporary Directories.
[   19.060785] cloud-init[933]: ci-info: | enp0s8 | False |            .             |       .       |   .    | 08:00:27:38:df:f8 |
[   19.222404] [[0;32m  OK  [0m] Listening on UUID daemon activation socket.
cloud-init[933]: ci-info: |   lo   |  True |        127.0.0.1         |   255.0.0.0   |  host  |         .         |
[   19.232853] cloud-init[933]: ci-info: |   lo   |  True |         ::1/128          |       .       |  host  |         .         |
[   19.262556] cloud-init[933]: ci-info: +--------+-------+--------------------------+---------------+--------+-------------------+
[   19.324865] cloud-init[933]: ci-info: +++++++++++++++++++++++++++Route IPv4 info++++++++++++++++++++++++++++
[   19.329747] cloud-init[933]: ci-info: +-------+-------------+----------+---------------+-----------+-------+
[   19.378459] cloud-init[933]: ci-info: | Route | Destination | Gateway  |    Genmask    | Interface | Flags |
[[0;32m  OK  [0m] Started ACPI Events Check.
[[0;32m  OK  [0m] Reached target Paths.
[[0;32m  OK  [0m] Listening on D-Bus System Message Bus Socket.
[   19.438357] cloud-init[933]: ci-info: +-------+-------------+----------+---------------+-----------+-------+
[   19.513040] cloud-init[933]: ci-info: |   0   |   0.0.0.0   | 10.0.2.2 |    0.0.0.0    |   enp0s3  |   UG  |
         Starting LXD - unix socket.
         Starting Socket activation for snappy daemon.
[[0;32m  OK  [0m] Started Daily apt download activities.
[[0;32m  OK  [0m] Started Daily apt upgrade and clean activities.
[[0;32m  OK  [0m] Reached target Timers.
[   19.566801] cloud-init[933]: ci-info: |   1   |   10.0.2.0  | 0.0.0.0  | 255.255.255.0 |   enp0s3  |   U   |
[[0;32m  OK  [0m] Listening on LXD - unix socket.
[[0;32m  OK  [0m] Listening on Socket activation for snappy daemon.
[   19.666071] cloud-init[933]: ci-info: +-------+-------------+----------+---------------+-----------+-------+
[   19.733465] cloud-init[933]: ci-info: +++++++++++++++++++Route IPv6 info+++++++++++++++++++
[   19.777381] cloud-init[933]: ci-info: +-------+-------------+---------+-----------+-------+
[[0;32m  OK  [0m] Started iSCSI initiator daemon (iscsid).
[   19.797391] cloud-init[933]: ci-info: | Route | Destination | Gateway | Interface | Flags |
[   19.880906]          Starting Login to default iSCSI targets...
[[0;32m  OK  [0m] Reached target Sockets.
cloud-init[933]: ci-info: +-------+-------------+---------+-----------+-------+
[   19.973002] [cloud-init[0;32m  OK  [0m[933]: ] ci-info: |   0   |  fe80::/64  |    ::   |   enp0s3  |   U   |Reached target Basic System.

[   19.975060] [cloud-init[0;32m  OK  [0m[933]: ] ci-info: |   3   |   ff00::/8  |    ::   |   enp0s3  |   U   |Started Unattended Upgrades Shutdown.

[   20.128539]          Starting LXD - container startup/shutdown...
cloud-init[933]: ci-info: +-------+-------------+---------+-----------+-------+
[   20.185282] [[0;32m  OK  [0m] Started ACPI event daemon.
cloud-init[933]: Generating public/private rsa key pair.
[   20.202292] [[0;32m  OK  [0m] Started FUSE filesystem for LXC.
cloud-init[933]: Your identification has been saved in /etc/ssh/ssh_host_rsa_key.
[   20.204887] cloud-init[933]: Your public key has been saved in /etc/ssh/ssh_host_rsa_key.pub.
[   20.205162] cloud-init[933]: The key fingerprint is:
[   20.205431] cloud-init[933]: SHA256:KRCYl4Z6VHCRabqL9O5cW/UMQoYPvlSE5L+ge3cLMuM root@ubuntu-xenial
[   20.205693] cloud-init[933]: The key's randomart image is:
[   20.205954] cloud-init[933]: +---[RSA 2048]----+
[   20.206214] cloud-init[933]: |  .***..         |
[   20.206476] cloud-init[933]: |  =.Ooo          |
         Starting Accounts Service...
[   20.206966] cloud-init[933]: | o =.+ +         |
[   20.352897] cloud-init[933]: |. o ..B  .       |
[   20.356292]          Starting /etc/rc.local Compatibility...
cloud-init[933]: | . . +.+So       |
[   20.385310]          Starting LSB: MD monitoring daemon...
cloud-init[933]: | .. o o.+ +      |
[   20.395760]          Starting Snappy daemon...
         Starting Login Service...
         Starting LSB: Record successful boot for GRUB...
         Starting System Logging Service...
         Starting Virtualbox guest utils...
cloud-init[933]: |...o * +   o     |
[   20.418946] [[0;32m  OK  [0m] Started D-Bus System Message Bus.
cloud-init[933]: |. o.+.*...       |
[   20.429687] cloud-init[933]: |  o=.E. ...      |
[   20.434956] cloud-init[933]: +----[SHA256]-----+
[[0;32m  OK  [0m] Started Regular background program processing daemon.
[   20.472837] cloud-init[933]: Generating public/private dsa key pair.
[   20.496808]          Starting Pollinate to seed the pseudo random number generator...
[[0;32m  OK  [0m] Started Deferred execution scheduler.
cloud-init[933]: Your identification has been saved in /etc/ssh/ssh_host_dsa_key.
[   20.503732] [[0;32m  OK  [0m] Started System Logging Service.
[[0;32m  OK  [0m] Started LXD - container startup/shutdown.
[[0;32m  OK  [0m] cloud-initStarted /etc/rc.local Compatibility.[933]: 
Your public key has been saved in /etc/ssh/ssh_host_dsa_key.pub.
[   20.517150] cloud-init[933]: The key fingerprint is:
[   20.519859] cloud-init[933]: SHA256:2YErpfVzelBNkyrJFjnV1ZQnEmGohOT7L5VV3xQeuRA root@ubuntu-xenial
[   20.528211] cloud-init[933]: The key's randomart image is:
[   20.532569] cloud-init[933]: +---[DSA 1024]----+
[   20.537872] cloud-init[933]: |     ...   +=E+*B|
[   20.572561] cloud-init[933]: |     .. ..=..+*+=|
[[0;32m  OK  [0m] Started Login to default iSCSI targets.
[[0;32m  OK  [0m] Started LSB: MD monitoring daemon.
[   20.601858] cloud-init[933]: |      ..+o.+.+o=+|
[   20.642872] cloud-init[933]: |       =.==oo  .o|
[   20.668896] cloud-init[933]: |      + S.=+.    |
[   20.696282] [[0;32m  OK  [0m] Started Login Service.
[[0;32m  OK  [0m] Started Snappy daemon.
cloud-init[933]: |       o  o=     |
[[0;32m  OK  [0m] Started LSB: Record successful boot for GRUB.
[   20.699927] cloud-init[933]: |        ... .    |
[   20.737344]          Starting Wait until snapd is fully seeded...
         Starting Authenticate and Authorize Users to Run Privileged Tasks...
[[0;32m  OK  [0m] Reached target Remote File Systems (Pre).
[[0;32m  OK  [0m] Reached target Remote File Systems.
         Starting LSB: daemon to balance interrupts for SMP systems...
         Starting LSB: automatic crash report generation...
         Starting Permit User Sessions...
         Starting LSB: Set the CPU Frequency Scaling governor to "ondemand"...
[[0;32m  OK  [0m] Started Virtualbox guest utils.
[[0;32m  OK  [0m] Started Permit User Sessions.
cloud-init[933]: |        .. .     |
[   20.811059]          Starting Terminate Plymouth Boot Screen...
         Starting Hold until boot process finishes up...
cloud-init[933]: |         ..      |
[[0;32m  OK  [0m] Started Hold until boot process finishes up.
[   20.834260] [[0;32m  OK  [0m] Started Terminate Plymouth Boot Screen.
cloud-init[933]: +----[SHA256]-----+
[   20.868357] [[0;32m  OK  [0m] Started LSB: Set the CPU Frequency Scaling governor to "ondemand".
[[0;32m  OK  [0m] Started LSB: daemon to balance interrupts for SMP systems.
[[0;32m  OK  [0m] Started LSB: automatic crash report generation.
cloud-init[933]: Generating public/private ecdsa key pair.
[   20.984636] [[0;32m  OK  [0m] Started Authenticate and Authorize Users to Run Privileged Tasks.
[[0;32m  OK  [0m] Started Pollinate to seed the pseudo random number generator.
cloud-init[933]: Your identification has been saved in /etc/ssh/ssh_host_ecdsa_key.
[   21.096807] [[0;32m  OK  [0m] Started Accounts Service.
cloud-init[933]: Your public key has been saved in /etc/ssh/ssh_host_ecdsa_key.pub.
[   21.153086]          Starting OpenBSD Secure Shell server...
cloud-init[933]: The key fingerprint is:
[   21.164773] [cloud-init[0;32m  OK  [0m[933]: ] SHA256:8jM0zw0faFCXIpYa4i6FGGf674XukpdpI2EtaG1jK/o root@ubuntu-xenialStarted Getty on tty1.

[   21.265622]          Starting Set console scheme...
cloud-init[933]: The key's randomart image is:
[   21.268836] cloud-init[933]: +---[ECDSA 256]---+
[   21.270801] cloud-init[933]: |         .. ..   |
[   21.272720] cloud-init[933]: |. o . . +....    |
[   21.297596] [[0;32m  OK  [0m] Started Serial Getty on ttyS0.
[[0;32m  OK  [0m] Reached target Login Prompts.
cloud-init[933]: | * o . +.. .     |
[   21.321713] [[0;32m  OK  [0m] Started OpenBSD Secure Shell server.
[[0;32m  OK  [0m] Started Set console scheme.
cloud-init[933]: |o . o .  . .     |
[   21.332425] cloud-init[933]: | o.+  . S + .    |
[   21.337841] cloud-init[933]: |..*=o. + = + .   |
[   21.351305] cloud-init[933]: |..o*+o. + o o    |
[   21.353468] cloud-init[933]: | .+oB.   o       |
[   21.355679] cloud-init[933]: |o.EB+.           |
[   21.359288] cloud-init[933]: +----[SHA256]-----+
[   21.412639] cloud-init[933]: Generating public/private ed25519 key pair.
[   21.450902] cloud-init[933]: Your identification has been saved in /etc/ssh/ssh_host_ed25519_key.
[   21.490421] cloud-init[933]: Your public key has been saved in /etc/ssh/ssh_host_ed25519_key.pub.
[   21.560881] cloud-init[933]: The key fingerprint is:
[   21.578723] cloud-init[933]: SHA256:HdC28HcLyV4ye/1rl6JRQ7u3BsvDKCY6pkp0UEfpHYo root@ubuntu-xenial
[   21.641484] cloud-init[933]: The key's randomart image is:
[   21.652640] cloud-init[933]: +--[ED25519 256]--+
[   21.658014] cloud-init[933]: |   ..o. ..       |
[   21.663261] cloud-init[933]: |  . .. ...o      |
[   21.745806] cloud-init[933]: | .  o o .+.o o   |
[   21.754011] cloud-init[933]: |  .E o . .o.O +  |
[   21.759852] cloud-init[933]: | . .    S .o @ o |
[   21.767729] cloud-init[933]: |. .         +.= .|
[   21.772770] cloud-init[933]: | .         .+oo.o|
[   21.783531] cloud-init[933]: |.    o . o ..*.++|
[   21.787170] cloud-init[933]: | ...o.o o ... =oo|
[   21.798881] cloud-init[933]: +----[SHA256]-----+
[[0;32m  OK  [0m] Started Wait until snapd is fully seeded.
[[0;32m  OK  [0m] Reached target Multi-User System.
[[0;32m  OK  [0m] Reached target Graphical Interface.
         Starting Update UTMP about System Runlevel Changes...
         Starting Apply the settings specified in cloud-config...
[[0;32m  OK  [0m] Started Update UTMP about System Runlevel Changes.
[[0;32m  OK  [0m] Created slice User Slice of vagrant.
         Starting User Manager for UID 1000...
[[0;32m  OK  [0m] Started Session 1 of user vagrant.
[[0;32m  OK  [0m] Started User Manager for UID 1000.
[   22.592396] cloud-init[1264]: Generating locales (this might take a while)...
[   23.908551] cloud-init[1264]:   en_US.UTF-8... done
[   23.956888] cloud-init[1264]: Generation complete.
         Stopping User Manager for UID 1000...
[[0;32m  OK  [0m] Stopped User Manager for UID 1000.
[[0;32m  OK  [0m] Removed slice User Slice of vagrant.
[[0;32m  OK  [0m] Created slice User Slice of vagrant.
[   24.735782] cloud-init[1264]: Cloud-init v. 18.3-9-g2e62cb8a-0ubuntu1~16.04.2 running 'modules:config' at Mon, 05 Nov 2018 16:09:30 +0000. Up 22.28 seconds.
         Starting User Manager for UID 1000...
[[0;32m  OK  [0m] Started User Manager for UID 1000.
[[0;32m  OK  [0m] Started Apply the settings specified in cloud-config.
[[0;32m  OK  [0m] Started Session 2 of user vagrant.
         Starting Execute cloud user/final scripts...
ci-info: no authorized ssh keys fingerprints found for user ubuntu.
<14>Nov  5 16:09:34 ec2: 
<14>Nov  5 16:09:34 ec2: #############################################################
<14>Nov  5 16:09:34 ec2: -----BEGIN SSH HOST KEY FINGERPRINTS-----
<14>Nov  5 16:09:34 ec2: 1024 SHA256:2YErpfVzelBNkyrJFjnV1ZQnEmGohOT7L5VV3xQeuRA root@ubuntu-xenial (DSA)
<14>Nov  5 16:09:34 ec2: 256 SHA256:8jM0zw0faFCXIpYa4i6FGGf674XukpdpI2EtaG1jK/o root@ubuntu-xenial (ECDSA)
<14>Nov  5 16:09:34 ec2: 256 SHA256:HdC28HcLyV4ye/1rl6JRQ7u3BsvDKCY6pkp0UEfpHYo root@ubuntu-xenial (ED25519)
<14>Nov  5 16:09:34 ec2: 2048 SHA256:KRCYl4Z6VHCRabqL9O5cW/UMQoYPvlSE5L+ge3cLMuM root@ubuntu-xenial (RSA)
<14>Nov  5 16:09:34 ec2: -----END SSH HOST KEY FINGERPRINTS-----
<14>Nov  5 16:09:34 ec2: #############################################################
-----BEGIN SSH HOST KEY KEYS-----
ecdsa-sha2-nistp256 AAAAE2VjZHNhLXNoYTItbmlzdHAyNTYAAAAIbmlzdHAyNTYAAABBBAWrbfMZ2z4GeFIVPDnUNZrNZKoy0TdyPklF6hlrWCQsL7jEzSFerHEsPBcLgo6A7CBsyak8Ak9WLomfu7tnU1U= root@ubuntu-xenial
ssh-ed25519 AAAAC3NzaC1lZDI1NTE5AAAAIOTzQZGtNFzaN2bhVk61qABpFQXKW8S39v9Q/X99NGcc root@ubuntu-xenial
ssh-rsa AAAAB3NzaC1yc2EAAAADAQABAAABAQCrP560nb+d5ArsCV7Guy1gzLV7PZzpadXLc8Sc0+UZ9cu8FK/IL6D+K2jaJUifo6Dm2vKhHAjdtjb2FK0ANDJcYIew19zxfEkWUJ7ZSpl4DzU40HRt3QRGDyZkwTF/J8QOgnzgv5nUBWdNpKLBrzrhcTnvq91tqGsaGgpkL0jl96eqkEPD9uOfcB5hs+zHySZv+eJHEyJ/cK6f7uC3giWwcBC+QD9z8cb1Pl0RTRq3UpHsuLFrdikEE3cUrGjeI/ja1N3zSK3f8ZZWFzjPS2BvAeDTCr+Bvov9hjElXxBuKhi2j9BojJmngO3njNTvH/JZrcWOdh1gNjdAFndvmgaH root@ubuntu-xenial
-----END SSH HOST KEY KEYS-----
[   25.995268] cloud-init[1523]: Cloud-init v. 18.3-9-g2e62cb8a-0ubuntu1~16.04.2 running 'modules:final' at Mon, 05 Nov 2018 16:09:33 +0000. Up 25.43 seconds.
[   26.017442] cloud-init[1523]: ci-info: no authorized ssh keys fingerprints found for user ubuntu.
[   26.022315] cloud-init[1523]: Cloud-init v. 18.3-9-g2e62cb8a-0ubuntu1~16.04.2 finished at Mon, 05 Nov 2018 16:09:34 +0000. Datasource DataSourceNoCloud [seed=/dev/sdb][dsmode=net].  Up 25.98 seconds
[[0;32m  OK  [0m] Started Execute cloud user/final scripts.
[[0;32m  OK  [0m] Reached target Cloud-init target.

Ubuntu 16.04.5 LTS ubuntu-xenial ttyS0

ubuntu-xenial login: 